[0.006s][info][gc,init] CardTable entry size: 512
[0.006s][info][gc     ] Using G1
[0.008s][info][gc,init] Version: 21.0.10+7-Ubuntu-124.04 (release)
[0.008s][info][gc,init] CPUs: 4 total, 4 available
[0.008s][info][gc,init] Memory: 3854M
[0.008s][info][gc,init] Large Page Support: Disabled
[0.008s][info][gc,init] NUMA Support: Disabled
[0.008s][info][gc,init] Compressed Oops: Enabled (32-bit)
[0.008s][info][gc,init] Heap Region Size: 1M
[0.008s][info][gc,init] Heap Min Capacity: 8M
[0.008s][info][gc,init] Heap Initial Capacity: 62M
[0.008s][info][gc,init] Heap Max Capacity: 256M
[0.008s][info][gc,init] Pre-touch: Disabled
[0.008s][info][gc,init] Parallel Workers: 4
[0.008s][info][gc,init] Concurrent Workers: 1
[0.008s][info][gc,init] Concurrent Refinement Workers: 4
[0.008s][info][gc,init] Periodic GC: Disabled
[0.044s][info][gc,metaspace] CDS archive(s) mapped at: [0x0000793153000000-0x0000793153c9c000-0x0000793153c9c000), size 13221888, SharedBaseAddress: 0x0000793153000000, ArchiveRelocationMode: 1.
[0.044s][info][gc,metaspace] Compressed class space mapped at: 0x0000793154000000-0x0000793194000000, reserved size: 1073741824
[0.044s][info][gc,metaspace] Narrow klass base: 0x0000793153000000, Narrow klass shift: 0, Narrow klass range: 0x100000000
[1.358s][info][gc,start    ] GC(0) Pause Young (Normal) (G1 Evacuation Pause)
[1.359s][info][gc,task     ] GC(0) Using 2 workers of 4 for evacuation
[1.368s][info][gc,phases   ] GC(0)   Pre Evacuate Collection Set: 0.17ms
[1.368s][info][gc,phases   ] GC(0)   Merge Heap Roots: 0.08ms
[1.368s][info][gc,phases   ] GC(0)   Evacuate Collection Set: 7.47ms
[1.368s][info][gc,phases   ] GC(0)   Post Evacuate Collection Set: 0.21ms
[1.368s][info][gc,phases   ] GC(0)   Other: 0.59ms
[1.368s][info][gc,heap     ] GC(0) Eden regions: 13->0(7)
[1.368s][info][gc,heap     ] GC(0) Survivor regions: 0->2(2)
[1.368s][info][gc,heap     ] GC(0) Old regions: 2->12
[1.368s][info][gc,heap     ] GC(0) Humongous regions: 0->0
[1.368s][info][gc,metaspace] GC(0) Metaspace: 1066K(1280K)->1066K(1280K) NonClass: 965K(1088K)->965K(1088K) Class: 100K(192K)->100K(192K)
[1.368s][info][gc          ] GC(0) Pause Young (Normal) (G1 Evacuation Pause) 13M->12M(64M) 9.464ms
[1.368s][info][gc,cpu      ] GC(0) User=0.02s Sys=0.00s Real=0.01s
[2.094s][info][gc,start    ] GC(1) Pause Young (Normal) (G1 Evacuation Pause)
[2.094s][info][gc,task     ] GC(1) Using 2 workers of 4 for evacuation
[2.100s][info][gc,phases   ] GC(1)   Pre Evacuate Collection Set: 0.41ms
[2.100s][info][gc,phases   ] GC(1)   Merge Heap Roots: 0.05ms
[2.100s][info][gc,phases   ] GC(1)   Evacuate Collection Set: 5.09ms
[2.100s][info][gc,phases   ] GC(1)   Post Evacuate Collection Set: 0.18ms
[2.100s][info][gc,phases   ] GC(1)   Other: 0.10ms
[2.100s][info][gc,heap     ] GC(1) Eden regions: 7->0(13)
[2.100s][info][gc,heap     ] GC(1) Survivor regions: 2->2(2)
[2.100s][info][gc,heap     ] GC(1) Old regions: 12->19
[2.100s][info][gc,heap     ] GC(1) Humongous regions: 0->0
[2.100s][info][gc,metaspace] GC(1) Metaspace: 1077K(1280K)->1077K(1280K) NonClass: 976K(1088K)->976K(1088K) Class: 100K(192K)->100K(192K)
[2.100s][info][gc          ] GC(1) Pause Young (Normal) (G1 Evacuation Pause) 19M->19M(64M) 6.139ms
[2.100s][info][gc,cpu      ] GC(1) User=0.00s Sys=0.00s Real=0.01s
[3.423s][info][gc,start    ] GC(2) Pause Young (Normal) (G1 Evacuation Pause)
[3.423s][info][gc,task     ] GC(2) Using 2 workers of 4 for evacuation
[3.437s][info][gc,phases   ] GC(2)   Pre Evacuate Collection Set: 0.18ms
[3.438s][info][gc,phases   ] GC(2)   Merge Heap Roots: 0.06ms
[3.438s][info][gc,phases   ] GC(2)   Evacuate Collection Set: 13.99ms
[3.438s][info][gc,phases   ] GC(2)   Post Evacuate Collection Set: 0.38ms
[3.438s][info][gc,phases   ] GC(2)   Other: 0.09ms
[3.438s][info][gc,heap     ] GC(2) Eden regions: 13->0(8)
[3.438s][info][gc,heap     ] GC(2) Survivor regions: 2->2(2)
[3.438s][info][gc,heap     ] GC(2) Old regions: 19->32
[3.438s][info][gc,heap     ] GC(2) Humongous regions: 0->0
[3.438s][info][gc,metaspace] GC(2) Metaspace: 1091K(1280K)->1091K(1280K) NonClass: 991K(1088K)->991K(1088K) Class: 100K(192K)->100K(192K)
[3.438s][info][gc          ] GC(2) Pause Young (Normal) (G1 Evacuation Pause) 32M->32M(64M) 15.003ms
[3.438s][info][gc,cpu      ] GC(2) User=0.01s Sys=0.02s Real=0.01s
[4.246s][info][gc,start    ] GC(3) Pause Young (Concurrent Start) (G1 Evacuation Pause)
[4.246s][info][gc,task     ] GC(3) Using 2 workers of 4 for evacuation
[4.251s][info][gc,phases   ] GC(3)   Pre Evacuate Collection Set: 0.13ms
[4.251s][info][gc,phases   ] GC(3)   Merge Heap Roots: 0.05ms
[4.251s][info][gc,phases   ] GC(3)   Evacuate Collection Set: 4.21ms
[4.251s][info][gc,phases   ] GC(3)   Post Evacuate Collection Set: 0.14ms
[4.251s][info][gc,phases   ] GC(3)   Other: 0.08ms
[4.251s][info][gc,heap     ] GC(3) Eden regions: 8->0(6)
[4.251s][info][gc,heap     ] GC(3) Survivor regions: 2->2(2)
[4.251s][info][gc,heap     ] GC(3) Old regions: 32->40
[4.251s][info][gc,heap     ] GC(3) Humongous regions: 0->0
[4.251s][info][gc,metaspace] GC(3) Metaspace: 1094K(1280K)->1094K(1280K) NonClass: 993K(1088K)->993K(1088K) Class: 100K(192K)->100K(192K)
[4.251s][info][gc          ] GC(3) Pause Young (Concurrent Start) (G1 Evacuation Pause) 40M->40M(64M) 4.829ms
[4.251s][info][gc,cpu      ] GC(3) User=0.00s Sys=0.00s Real=0.01s
[4.251s][info][gc          ] GC(4) Concurrent Mark Cycle
[4.251s][info][gc,marking  ] GC(4) Concurrent Scan Root Regions
[4.252s][info][gc,marking  ] GC(4) Concurrent Scan Root Regions 0.524ms
[4.252s][info][gc,marking  ] GC(4) Concurrent Mark
[4.252s][info][gc,marking  ] GC(4) Concurrent Mark From Roots
[4.252s][info][gc,task     ] GC(4) Using 1 workers of 1 for marking
[4.256s][info][gc,marking  ] GC(4) Concurrent Mark From Roots 4.927ms
[4.257s][info][gc,marking  ] GC(4) Concurrent Preclean
[4.257s][info][gc,marking  ] GC(4) Concurrent Preclean 0.019ms
[4.257s][info][gc,start    ] GC(4) Pause Remark
[4.257s][info][gc          ] GC(4) Pause Remark 40M->40M(70M) 0.643ms
[4.257s][info][gc,cpu      ] GC(4) User=0.00s Sys=0.00s Real=0.00s
[4.257s][info][gc,marking  ] GC(4) Concurrent Mark 5.749ms
[4.257s][info][gc,marking  ] GC(4) Concurrent Rebuild Remembered Sets and Scrub Regions
[4.259s][info][gc,marking  ] GC(4) Concurrent Rebuild Remembered Sets and Scrub Regions 1.613ms
[4.259s][info][gc,start    ] GC(4) Pause Cleanup
[4.259s][info][gc          ] GC(4) Pause Cleanup 40M->40M(70M) 0.099ms
[4.259s][info][gc,cpu      ] GC(4) User=0.00s Sys=0.00s Real=0.00s
[4.259s][info][gc,marking  ] GC(4) Concurrent Clear Claimed Marks
[4.259s][info][gc,marking  ] GC(4) Concurrent Clear Claimed Marks 0.015ms
[4.259s][info][gc,marking  ] GC(4) Concurrent Cleanup for Next Mark
[4.260s][info][gc,marking  ] GC(4) Concurrent Cleanup for Next Mark 0.607ms
[4.260s][info][gc          ] GC(4) Concurrent Mark Cycle 8.859ms
[4.866s][info][gc,start    ] GC(5) Pause Young (Prepare Mixed) (G1 Evacuation Pause)
[4.866s][info][gc,task     ] GC(5) Using 2 workers of 4 for evacuation
[4.877s][info][gc,phases   ] GC(5)   Pre Evacuate Collection Set: 0.24ms
[4.877s][info][gc,phases   ] GC(5)   Merge Heap Roots: 0.08ms
[4.877s][info][gc,phases   ] GC(5)   Evacuate Collection Set: 9.50ms
[4.877s][info][gc,phases   ] GC(5)   Post Evacuate Collection Set: 0.53ms
[4.877s][info][gc,phases   ] GC(5)   Other: 0.15ms
[4.877s][info][gc,heap     ] GC(5) Eden regions: 6->0(6)
[4.877s][info][gc,heap     ] GC(5) Survivor regions: 2->1(1)
[4.877s][info][gc,heap     ] GC(5) Old regions: 40->46
[4.877s][info][gc,heap     ] GC(5) Humongous regions: 0->0
[4.877s][info][gc,metaspace] GC(5) Metaspace: 1096K(1280K)->1096K(1280K) NonClass: 995K(1088K)->995K(1088K) Class: 100K(192K)->100K(192K)
[4.877s][info][gc          ] GC(5) Pause Young (Prepare Mixed) (G1 Evacuation Pause) 46M->46M(70M) 11.067ms
[4.877s][info][gc,cpu      ] GC(5) User=0.01s Sys=0.01s Real=0.01s
[5.483s][info][gc,start    ] GC(6) Pause Young (Mixed) (G1 Evacuation Pause)
[5.483s][info][gc,task     ] GC(6) Using 2 workers of 4 for evacuation
[5.487s][info][gc,phases   ] GC(6)   Pre Evacuate Collection Set: 0.39ms
[5.488s][info][gc,phases   ] GC(6)   Merge Heap Roots: 0.06ms
[5.488s][info][gc,phases   ] GC(6)   Evacuate Collection Set: 3.13ms
[5.488s][info][gc,phases   ] GC(6)   Post Evacuate Collection Set: 0.32ms
[5.488s][info][gc,phases   ] GC(6)   Other: 0.14ms
[5.488s][info][gc,heap     ] GC(6) Eden regions: 6->0(5)
[5.488s][info][gc,heap     ] GC(6) Survivor regions: 1->1(1)
[5.488s][info][gc,heap     ] GC(6) Old regions: 46->51
[5.488s][info][gc,heap     ] GC(6) Humongous regions: 0->0
[5.488s][info][gc,metaspace] GC(6) Metaspace: 1100K(1280K)->1100K(1280K) NonClass: 999K(1088K)->999K(1088K) Class: 100K(192K)->100K(192K)
[5.488s][info][gc          ] GC(6) Pause Young (Mixed) (G1 Evacuation Pause) 51M->51M(70M) 4.646ms
[5.488s][info][gc,cpu      ] GC(6) User=0.00s Sys=0.00s Real=0.00s
[6.002s][info][gc,start    ] GC(7) Pause Young (Concurrent Start) (G1 Evacuation Pause)
[6.002s][info][gc,task     ] GC(7) Using 2 workers of 4 for evacuation
[6.005s][info][gc,phases   ] GC(7)   Pre Evacuate Collection Set: 0.38ms
[6.005s][info][gc,phases   ] GC(7)   Merge Heap Roots: 0.09ms
[6.005s][info][gc,phases   ] GC(7)   Evacuate Collection Set: 2.05ms
[6.005s][info][gc,phases   ] GC(7)   Post Evacuate Collection Set: 0.37ms
[6.005s][info][gc,phases   ] GC(7)   Other: 0.20ms
[6.005s][info][gc,heap     ] GC(7) Eden regions: 5->0(3)
[6.005s][info][gc,heap     ] GC(7) Survivor regions: 1->1(1)
[6.006s][info][gc,heap     ] GC(7) Old regions: 51->56
[6.006s][info][gc,heap     ] GC(7) Humongous regions: 0->0
[6.006s][info][gc,metaspace] GC(7) Metaspace: 1100K(1280K)->1100K(1280K) NonClass: 999K(1088K)->999K(1088K) Class: 100K(192K)->100K(192K)
[6.006s][info][gc          ] GC(7) Pause Young (Concurrent Start) (G1 Evacuation Pause) 56M->56M(70M) 3.548ms
[6.006s][info][gc,cpu      ] GC(7) User=0.01s Sys=0.00s Real=0.00s
[6.006s][info][gc          ] GC(8) Concurrent Mark Cycle
[6.006s][info][gc,marking  ] GC(8) Concurrent Scan Root Regions
[6.006s][info][gc,marking  ] GC(8) Concurrent Scan Root Regions 0.298ms
[6.006s][info][gc,marking  ] GC(8) Concurrent Mark
[6.006s][info][gc,marking  ] GC(8) Concurrent Mark From Roots
[6.006s][info][gc,task     ] GC(8) Using 1 workers of 1 for marking
[6.020s][info][gc,marking  ] GC(8) Concurrent Mark From Roots 13.849ms
[6.020s][info][gc,marking  ] GC(8) Concurrent Preclean
[6.020s][info][gc,marking  ] GC(8) Concurrent Preclean 0.071ms
[6.020s][info][gc,start    ] GC(8) Pause Remark
[6.023s][info][gc          ] GC(8) Pause Remark 57M->57M(95M) 2.292ms
[6.023s][info][gc,cpu      ] GC(8) User=0.00s Sys=0.00s Real=0.00s
[6.023s][info][gc,marking  ] GC(8) Concurrent Mark 16.612ms
[6.023s][info][gc,marking  ] GC(8) Concurrent Rebuild Remembered Sets and Scrub Regions
[6.025s][info][gc,marking  ] GC(8) Concurrent Rebuild Remembered Sets and Scrub Regions 2.271ms
[6.025s][info][gc,start    ] GC(8) Pause Cleanup
[6.025s][info][gc          ] GC(8) Pause Cleanup 57M->57M(95M) 0.083ms
[6.025s][info][gc,cpu      ] GC(8) User=0.00s Sys=0.00s Real=0.00s
[6.026s][info][gc,marking  ] GC(8) Concurrent Clear Claimed Marks
[6.026s][info][gc,marking  ] GC(8) Concurrent Clear Claimed Marks 0.065ms
[6.026s][info][gc,marking  ] GC(8) Concurrent Cleanup for Next Mark
[6.027s][info][gc,marking  ] GC(8) Concurrent Cleanup for Next Mark 1.371ms
[6.027s][info][gc          ] GC(8) Concurrent Mark Cycle 21.405ms
[6.305s][info][gc,start    ] GC(9) Pause Young (Normal) (G1 Evacuation Pause)
[6.306s][info][gc,task     ] GC(9) Using 2 workers of 4 for evacuation
[6.309s][info][gc,phases   ] GC(9)   Pre Evacuate Collection Set: 0.22ms
[6.309s][info][gc,phases   ] GC(9)   Merge Heap Roots: 0.07ms
[6.309s][info][gc,phases   ] GC(9)   Evacuate Collection Set: 2.14ms
[6.309s][info][gc,phases   ] GC(9)   Post Evacuate Collection Set: 0.37ms
[6.309s][info][gc,phases   ] GC(9)   Other: 0.20ms
[6.309s][info][gc,heap     ] GC(9) Eden regions: 3->0(10)
[6.309s][info][gc,heap     ] GC(9) Survivor regions: 1->1(1)
[6.309s][info][gc,heap     ] GC(9) Old regions: 56->59
[6.309s][info][gc,heap     ] GC(9) Humongous regions: 0->0
[6.309s][info][gc,metaspace] GC(9) Metaspace: 1100K(1280K)->1100K(1280K) NonClass: 999K(1088K)->999K(1088K) Class: 100K(192K)->100K(192K)
[6.309s][info][gc          ] GC(9) Pause Young (Normal) (G1 Evacuation Pause) 59M->59M(95M) 3.610ms
[6.309s][info][gc,cpu      ] GC(9) User=0.01s Sys=0.00s Real=0.00s
[7.338s][info][gc,start    ] GC(10) Pause Young (Concurrent Start) (G1 Evacuation Pause)
[7.338s][info][gc,task     ] GC(10) Using 2 workers of 4 for evacuation
[7.344s][info][gc,phases   ] GC(10)   Pre Evacuate Collection Set: 0.33ms
[7.344s][info][gc,phases   ] GC(10)   Merge Heap Roots: 0.09ms
[7.344s][info][gc,phases   ] GC(10)   Evacuate Collection Set: 5.37ms
[7.344s][info][gc,phases   ] GC(10)   Post Evacuate Collection Set: 0.47ms
[7.344s][info][gc,phases   ] GC(10)   Other: 0.21ms
[7.344s][info][gc,heap     ] GC(10) Eden regions: 10->0(7)
[7.344s][info][gc,heap     ] GC(10) Survivor regions: 1->2(2)
[7.344s][info][gc,heap     ] GC(10) Old regions: 59->68
[7.345s][info][gc,heap     ] GC(10) Humongous regions: 0->0
[7.345s][info][gc,metaspace] GC(10) Metaspace: 1100K(1280K)->1100K(1280K) NonClass: 999K(1088K)->999K(1088K) Class: 100K(192K)->100K(192K)
[7.345s][info][gc          ] GC(10) Pause Young (Concurrent Start) (G1 Evacuation Pause) 69M->69M(95M) 6.996ms
[7.345s][info][gc,cpu      ] GC(10) User=0.01s Sys=0.00s Real=0.01s
[7.345s][info][gc          ] GC(11) Concurrent Mark Cycle
[7.345s][info][gc,marking  ] GC(11) Concurrent Scan Root Regions
[7.345s][info][gc,marking  ] GC(11) Concurrent Scan Root Regions 0.281ms
[7.345s][info][gc,marking  ] GC(11) Concurrent Mark
[7.345s][info][gc,marking  ] GC(11) Concurrent Mark From Roots
[7.345s][info][gc,task     ] GC(11) Using 1 workers of 1 for marking
[7.357s][info][gc,marking  ] GC(11) Concurrent Mark From Roots 11.561ms
[7.357s][info][gc,marking  ] GC(11) Concurrent Preclean
[7.357s][info][gc,marking  ] GC(11) Concurrent Preclean 0.031ms
[7.357s][info][gc,start    ] GC(11) Pause Remark
[7.359s][info][gc          ] GC(11) Pause Remark 70M->70M(117M) 2.487ms
[7.359s][info][gc,cpu      ] GC(11) User=0.00s Sys=0.00s Real=0.00s
[7.360s][info][gc,marking  ] GC(11) Concurrent Mark 14.521ms
[7.360s][info][gc,marking  ] GC(11) Concurrent Rebuild Remembered Sets and Scrub Regions
[7.364s][info][gc,marking  ] GC(11) Concurrent Rebuild Remembered Sets and Scrub Regions 4.652ms
[7.365s][info][gc,start    ] GC(11) Pause Cleanup
[7.365s][info][gc          ] GC(11) Pause Cleanup 70M->70M(117M) 0.305ms
[7.365s][info][gc,cpu      ] GC(11) User=0.00s Sys=0.00s Real=0.00s
[7.365s][info][gc,marking  ] GC(11) Concurrent Clear Claimed Marks
[7.365s][info][gc,marking  ] GC(11) Concurrent Clear Claimed Marks 0.050ms
[7.365s][info][gc,marking  ] GC(11) Concurrent Cleanup for Next Mark
[7.366s][info][gc,marking  ] GC(11) Concurrent Cleanup for Next Mark 1.188ms
[7.366s][info][gc          ] GC(11) Concurrent Mark Cycle 21.690ms
[8.063s][info][gc,start    ] GC(12) Pause Young (Normal) (G1 Evacuation Pause)
[8.064s][info][gc,task     ] GC(12) Using 2 workers of 4 for evacuation
[8.075s][info][gc,phases   ] GC(12)   Pre Evacuate Collection Set: 0.24ms
[8.075s][info][gc,phases   ] GC(12)   Merge Heap Roots: 0.09ms
[8.075s][info][gc,phases   ] GC(12)   Evacuate Collection Set: 9.90ms
[8.075s][info][gc,phases   ] GC(12)   Post Evacuate Collection Set: 0.50ms
[8.075s][info][gc,phases   ] GC(12)   Other: 0.23ms
[8.075s][info][gc,heap     ] GC(12) Eden regions: 7->0(12)
[8.075s][info][gc,heap     ] GC(12) Survivor regions: 2->2(2)
[8.075s][info][gc,heap     ] GC(12) Old regions: 68->75
[8.075s][info][gc,heap     ] GC(12) Humongous regions: 0->0
[8.075s][info][gc,metaspace] GC(12) Metaspace: 1100K(1280K)->1100K(1280K) NonClass: 1000K(1088K)->1000K(1088K) Class: 100K(192K)->100K(192K)
[8.075s][info][gc          ] GC(12) Pause Young (Normal) (G1 Evacuation Pause) 76M->76M(117M) 11.605ms
[8.075s][info][gc,cpu      ] GC(12) User=0.00s Sys=0.02s Real=0.01s
[9.298s][info][gc,start    ] GC(13) Pause Young (Concurrent Start) (G1 Evacuation Pause)
[9.298s][info][gc,task     ] GC(13) Using 2 workers of 4 for evacuation
[9.312s][info][gc,phases   ] GC(13)   Pre Evacuate Collection Set: 0.42ms
[9.312s][info][gc,phases   ] GC(13)   Merge Heap Roots: 0.09ms
[9.312s][info][gc,phases   ] GC(13)   Evacuate Collection Set: 12.41ms
[9.312s][info][gc,phases   ] GC(13)   Post Evacuate Collection Set: 0.49ms
[9.312s][info][gc,phases   ] GC(13)   Other: 0.24ms
[9.312s][info][gc,heap     ] GC(13) Eden regions: 12->0(8)
[9.312s][info][gc,heap     ] GC(13) Survivor regions: 2->2(2)
[9.312s][info][gc,heap     ] GC(13) Old regions: 75->87
[9.312s][info][gc,heap     ] GC(13) Humongous regions: 0->0
[9.312s][info][gc,metaspace] GC(13) Metaspace: 1101K(1280K)->1101K(1280K) NonClass: 1000K(1088K)->1000K(1088K) Class: 100K(192K)->100K(192K)
[9.312s][info][gc          ] GC(13) Pause Young (Concurrent Start) (G1 Evacuation Pause) 88M->88M(117M) 14.421ms
[9.312s][info][gc,cpu      ] GC(13) User=0.01s Sys=0.01s Real=0.02s
[9.312s][info][gc          ] GC(14) Concurrent Mark Cycle
[9.312s][info][gc,marking  ] GC(14) Concurrent Scan Root Regions
[9.313s][info][gc,marking  ] GC(14) Concurrent Scan Root Regions 0.503ms
[9.313s][info][gc,marking  ] GC(14) Concurrent Mark
[9.313s][info][gc,marking  ] GC(14) Concurrent Mark From Roots
[9.313s][info][gc,task     ] GC(14) Using 1 workers of 1 for marking
[9.327s][info][gc,marking  ] GC(14) Concurrent Mark From Roots 13.932ms
[9.327s][info][gc,marking  ] GC(14) Concurrent Preclean
[9.327s][info][gc,marking  ] GC(14) Concurrent Preclean 0.038ms
[9.327s][info][gc,start    ] GC(14) Pause Remark
[9.330s][info][gc          ] GC(14) Pause Remark 88M->88M(149M) 3.195ms
[9.331s][info][gc,cpu      ] GC(14) User=0.00s Sys=0.00s Real=0.01s
[9.331s][info][gc,marking  ] GC(14) Concurrent Mark 17.634ms
[9.331s][info][gc,marking  ] GC(14) Concurrent Rebuild Remembered Sets and Scrub Regions
[9.335s][info][gc,marking  ] GC(14) Concurrent Rebuild Remembered Sets and Scrub Regions 4.713ms
[9.336s][info][gc,start    ] GC(14) Pause Cleanup
[9.336s][info][gc          ] GC(14) Pause Cleanup 88M->88M(149M) 0.331ms
[9.336s][info][gc,cpu      ] GC(14) User=0.00s Sys=0.00s Real=0.00s
[9.336s][info][gc,marking  ] GC(14) Concurrent Clear Claimed Marks
[9.336s][info][gc,marking  ] GC(14) Concurrent Clear Claimed Marks 0.052ms
[9.336s][info][gc,marking  ] GC(14) Concurrent Cleanup for Next Mark
[9.338s][info][gc,marking  ] GC(14) Concurrent Cleanup for Next Mark 1.435ms
[9.338s][info][gc          ] GC(14) Concurrent Mark Cycle 25.340ms
[10.135s][info][gc,start    ] GC(15) Pause Young (Normal) (G1 Evacuation Pause)
[10.136s][info][gc,task     ] GC(15) Using 3 workers of 4 for evacuation
[10.139s][info][gc,phases   ] GC(15)   Pre Evacuate Collection Set: 0.18ms
[10.139s][info][gc,phases   ] GC(15)   Merge Heap Roots: 0.07ms
[10.139s][info][gc,phases   ] GC(15)   Evacuate Collection Set: 2.69ms
[10.139s][info][gc,phases   ] GC(15)   Post Evacuate Collection Set: 0.21ms
[10.139s][info][gc,phases   ] GC(15)   Other: 0.62ms
[10.139s][info][gc,heap     ] GC(15) Eden regions: 8->0(16)
[10.139s][info][gc,heap     ] GC(15) Survivor regions: 2->2(2)
[10.139s][info][gc,heap     ] GC(15) Old regions: 87->95
[10.139s][info][gc,heap     ] GC(15) Humongous regions: 0->0
[10.139s][info][gc,metaspace] GC(15) Metaspace: 1105K(1280K)->1105K(1280K) NonClass: 1004K(1088K)->1004K(1088K) Class: 100K(192K)->100K(192K)
[10.139s][info][gc          ] GC(15) Pause Young (Normal) (G1 Evacuation Pause) 96M->96M(149M) 4.043ms
[10.139s][info][gc,cpu      ] GC(15) User=0.01s Sys=0.01s Real=0.00s
[11.787s][info][gc,start    ] GC(16) Pause Young (Concurrent Start) (G1 Evacuation Pause)
[11.787s][info][gc,task     ] GC(16) Using 3 workers of 4 for evacuation
[11.798s][info][gc,phases   ] GC(16)   Pre Evacuate Collection Set: 0.32ms
[11.798s][info][gc,phases   ] GC(16)   Merge Heap Roots: 0.06ms
[11.798s][info][gc,phases   ] GC(16)   Evacuate Collection Set: 10.49ms
[11.798s][info][gc,phases   ] GC(16)   Post Evacuate Collection Set: 0.38ms
[11.798s][info][gc,phases   ] GC(16)   Other: 0.22ms
[11.798s][info][gc,heap     ] GC(16) Eden regions: 16->0(10)
[11.798s][info][gc,heap     ] GC(16) Survivor regions: 2->3(3)
[11.798s][info][gc,heap     ] GC(16) Old regions: 95->110
[11.798s][info][gc,heap     ] GC(16) Humongous regions: 0->0
[11.798s][info][gc,metaspace] GC(16) Metaspace: 1106K(1280K)->1106K(1280K) NonClass: 1005K(1088K)->1005K(1088K) Class: 100K(192K)->100K(192K)
[11.798s][info][gc          ] GC(16) Pause Young (Concurrent Start) (G1 Evacuation Pause) 112M->112M(149M) 11.894ms
[11.798s][info][gc,cpu      ] GC(16) User=0.01s Sys=0.01s Real=0.01s
[11.799s][info][gc          ] GC(17) Concurrent Mark Cycle
[11.799s][info][gc,marking  ] GC(17) Concurrent Scan Root Regions
[11.799s][info][gc,marking  ] GC(17) Concurrent Scan Root Regions 0.290ms
[11.799s][info][gc,marking  ] GC(17) Concurrent Mark
[11.799s][info][gc,marking  ] GC(17) Concurrent Mark From Roots
[11.799s][info][gc,task     ] GC(17) Using 1 workers of 1 for marking
[11.807s][info][gc,marking  ] GC(17) Concurrent Mark From Roots 7.925ms
[11.807s][info][gc,marking  ] GC(17) Concurrent Preclean
[11.807s][info][gc,marking  ] GC(17) Concurrent Preclean 0.027ms
[11.807s][info][gc,start    ] GC(17) Pause Remark
[11.809s][info][gc          ] GC(17) Pause Remark 112M->112M(189M) 1.857ms
[11.809s][info][gc,cpu      ] GC(17) User=0.00s Sys=0.00s Real=0.00s
[11.809s][info][gc,marking  ] GC(17) Concurrent Mark 10.419ms
[11.809s][info][gc,marking  ] GC(17) Concurrent Rebuild Remembered Sets and Scrub Regions
[11.812s][info][gc,marking  ] GC(17) Concurrent Rebuild Remembered Sets and Scrub Regions 2.697ms
[11.812s][info][gc,start    ] GC(17) Pause Cleanup
[11.812s][info][gc          ] GC(17) Pause Cleanup 112M->112M(189M) 0.169ms
[11.812s][info][gc,cpu      ] GC(17) User=0.00s Sys=0.00s Real=0.00s
[11.812s][info][gc,marking  ] GC(17) Concurrent Clear Claimed Marks
[11.812s][info][gc,marking  ] GC(17) Concurrent Clear Claimed Marks 0.023ms
[11.812s][info][gc,marking  ] GC(17) Concurrent Cleanup for Next Mark
[11.814s][info][gc,marking  ] GC(17) Concurrent Cleanup for Next Mark 1.122ms
[11.814s][info][gc          ] GC(17) Concurrent Mark Cycle 15.100ms
[12.829s][info][gc,start    ] GC(18) Pause Young (Normal) (G1 Evacuation Pause)
[12.829s][info][gc,task     ] GC(18) Using 4 workers of 4 for evacuation
[12.835s][info][gc,phases   ] GC(18)   Pre Evacuate Collection Set: 0.18ms
[12.835s][info][gc,phases   ] GC(18)   Merge Heap Roots: 0.07ms
[12.835s][info][gc,phases   ] GC(18)   Evacuate Collection Set: 4.90ms
[12.835s][info][gc,phases   ] GC(18)   Post Evacuate Collection Set: 0.28ms
[12.835s][info][gc,phases   ] GC(18)   Other: 0.50ms
[12.835s][info][gc,heap     ] GC(18) Eden regions: 10->0(20)
[12.835s][info][gc,heap     ] GC(18) Survivor regions: 3->2(2)
[12.835s][info][gc,heap     ] GC(18) Old regions: 110->121
[12.835s][info][gc,heap     ] GC(18) Humongous regions: 0->0
[12.835s][info][gc,metaspace] GC(18) Metaspace: 1106K(1280K)->1106K(1280K) NonClass: 1006K(1088K)->1006K(1088K) Class: 100K(192K)->100K(192K)
[12.835s][info][gc          ] GC(18) Pause Young (Normal) (G1 Evacuation Pause) 122M->122M(189M) 6.256ms
[12.835s][info][gc,cpu      ] GC(18) User=0.00s Sys=0.00s Real=0.01s
[14.898s][info][gc,start    ] GC(19) Pause Young (Concurrent Start) (G1 Evacuation Pause)
[14.898s][info][gc,task     ] GC(19) Using 4 workers of 4 for evacuation
[14.912s][info][gc,phases   ] GC(19)   Pre Evacuate Collection Set: 0.33ms
[14.912s][info][gc,phases   ] GC(19)   Merge Heap Roots: 0.05ms
[14.912s][info][gc,phases   ] GC(19)   Evacuate Collection Set: 13.05ms
[14.912s][info][gc,phases   ] GC(19)   Post Evacuate Collection Set: 0.25ms
[14.912s][info][gc,phases   ] GC(19)   Other: 0.18ms
[14.912s][info][gc,heap     ] GC(19) Eden regions: 20->0(13)
[14.912s][info][gc,heap     ] GC(19) Survivor regions: 2->3(3)
[14.912s][info][gc,heap     ] GC(19) Old regions: 121->140
[14.912s][info][gc,heap     ] GC(19) Humongous regions: 0->0
[14.912s][info][gc,metaspace] GC(19) Metaspace: 1106K(1280K)->1106K(1280K) NonClass: 1006K(1088K)->1006K(1088K) Class: 100K(192K)->100K(192K)
[14.912s][info][gc          ] GC(19) Pause Young (Concurrent Start) (G1 Evacuation Pause) 142M->142M(189M) 14.235ms
[14.912s][info][gc,cpu      ] GC(19) User=0.01s Sys=0.02s Real=0.02s
[14.912s][info][gc          ] GC(20) Concurrent Mark Cycle
[14.912s][info][gc,marking  ] GC(20) Concurrent Scan Root Regions
[14.912s][info][gc,marking  ] GC(20) Concurrent Scan Root Regions 0.169ms
[14.912s][info][gc,marking  ] GC(20) Concurrent Mark
[14.912s][info][gc,marking  ] GC(20) Concurrent Mark From Roots
[14.912s][info][gc,task     ] GC(20) Using 1 workers of 1 for marking
[14.919s][info][gc,marking  ] GC(20) Concurrent Mark From Roots 6.536ms
[14.919s][info][gc,marking  ] GC(20) Concurrent Preclean
[14.919s][info][gc,marking  ] GC(20) Concurrent Preclean 0.021ms
[14.919s][info][gc,start    ] GC(20) Pause Remark
[14.921s][info][gc          ] GC(20) Pause Remark 142M->142M(239M) 1.461ms
[14.921s][info][gc,cpu      ] GC(20) User=0.00s Sys=0.00s Real=0.01s
[14.921s][info][gc,marking  ] GC(20) Concurrent Mark 8.229ms
[14.921s][info][gc,marking  ] GC(20) Concurrent Rebuild Remembered Sets and Scrub Regions
[14.923s][info][gc,marking  ] GC(20) Concurrent Rebuild Remembered Sets and Scrub Regions 2.404ms
[14.923s][info][gc,start    ] GC(20) Pause Cleanup
[14.923s][info][gc          ] GC(20) Pause Cleanup 142M->142M(239M) 0.157ms
[14.923s][info][gc,cpu      ] GC(20) User=0.00s Sys=0.00s Real=0.00s
[14.923s][info][gc,marking  ] GC(20) Concurrent Clear Claimed Marks
[14.923s][info][gc,marking  ] GC(20) Concurrent Clear Claimed Marks 0.022ms
[14.923s][info][gc,marking  ] GC(20) Concurrent Cleanup for Next Mark
[14.924s][info][gc,marking  ] GC(20) Concurrent Cleanup for Next Mark 1.034ms
[14.924s][info][gc          ] GC(20) Concurrent Mark Cycle 12.378ms
[16.245s][info][gc,start    ] GC(21) Pause Young (Normal) (G1 Evacuation Pause)
[16.252s][info][gc,task     ] GC(21) Using 4 workers of 4 for evacuation
[16.263s][info][gc,phases   ] GC(21)   Pre Evacuate Collection Set: 0.29ms
[16.263s][info][gc,phases   ] GC(21)   Merge Heap Roots: 0.05ms
[16.263s][info][gc,phases   ] GC(21)   Evacuate Collection Set: 9.70ms
[16.263s][info][gc,phases   ] GC(21)   Post Evacuate Collection Set: 0.24ms
[16.263s][info][gc,phases   ] GC(21)   Other: 0.11ms
[16.263s][info][gc,heap     ] GC(21) Eden regions: 13->0(25)
[16.263s][info][gc,heap     ] GC(21) Survivor regions: 3->2(2)
[16.263s][info][gc,heap     ] GC(21) Old regions: 140->154
[16.263s][info][gc,heap     ] GC(21) Humongous regions: 0->0
[16.263s][info][gc,metaspace] GC(21) Metaspace: 1107K(1280K)->1107K(1280K) NonClass: 1006K(1088K)->1006K(1088K) Class: 100K(192K)->100K(192K)
[16.263s][info][gc          ] GC(21) Pause Young (Normal) (G1 Evacuation Pause) 155M->155M(239M) 18.087ms
[16.263s][info][gc,cpu      ] GC(21) User=0.01s Sys=0.01s Real=0.02s
[18.824s][info][gc,start    ] GC(22) Pause Young (Concurrent Start) (G1 Evacuation Pause)
[18.824s][info][gc,task     ] GC(22) Using 4 workers of 4 for evacuation
[18.845s][info][gc,phases   ] GC(22)   Pre Evacuate Collection Set: 0.37ms
[18.845s][info][gc,phases   ] GC(22)   Merge Heap Roots: 0.10ms
[18.845s][info][gc,phases   ] GC(22)   Evacuate Collection Set: 18.09ms
[18.845s][info][gc,phases   ] GC(22)   Post Evacuate Collection Set: 1.47ms
[18.845s][info][gc,phases   ] GC(22)   Other: 0.26ms
[18.845s][info][gc,heap     ] GC(22) Eden regions: 25->0(18)
[18.845s][info][gc,heap     ] GC(22) Survivor regions: 2->4(4)
[18.845s][info][gc,heap     ] GC(22) Old regions: 154->176
[18.845s][info][gc,heap     ] GC(22) Humongous regions: 0->0
[18.845s][info][gc,metaspace] GC(22) Metaspace: 1109K(1280K)->1109K(1280K) NonClass: 1008K(1088K)->1008K(1088K) Class: 100K(192K)->100K(192K)
[18.845s][info][gc          ] GC(22) Pause Young (Concurrent Start) (G1 Evacuation Pause) 180M->179M(239M) 20.588ms
[18.845s][info][gc,cpu      ] GC(22) User=0.01s Sys=0.04s Real=0.02s
[18.845s][info][gc          ] GC(23) Concurrent Mark Cycle
[18.845s][info][gc,marking  ] GC(23) Concurrent Scan Root Regions
[18.845s][info][gc,marking  ] GC(23) Concurrent Scan Root Regions 0.307ms
[18.845s][info][gc,marking  ] GC(23) Concurrent Mark
[18.845s][info][gc,marking  ] GC(23) Concurrent Mark From Roots
[18.845s][info][gc,task     ] GC(23) Using 1 workers of 1 for marking
[18.852s][info][gc,marking  ] GC(23) Concurrent Mark From Roots 6.881ms
[18.852s][info][gc,marking  ] GC(23) Concurrent Preclean
[18.852s][info][gc,marking  ] GC(23) Concurrent Preclean 0.029ms
[18.852s][info][gc,start    ] GC(23) Pause Remark
[18.853s][info][gc          ] GC(23) Pause Remark 180M->180M(256M) 1.133ms
[18.853s][info][gc,cpu      ] GC(23) User=0.00s Sys=0.00s Real=0.00s
[18.853s][info][gc,marking  ] GC(23) Concurrent Mark 8.261ms
[18.853s][info][gc,marking  ] GC(23) Concurrent Rebuild Remembered Sets and Scrub Regions
[18.855s][info][gc,marking  ] GC(23) Concurrent Rebuild Remembered Sets and Scrub Regions 1.497ms
[18.855s][info][gc,start    ] GC(23) Pause Cleanup
[18.855s][info][gc          ] GC(23) Pause Cleanup 180M->180M(256M) 0.032ms
[18.855s][info][gc,cpu      ] GC(23) User=0.00s Sys=0.00s Real=0.00s
[18.855s][info][gc,marking  ] GC(23) Concurrent Clear Claimed Marks
[18.855s][info][gc,marking  ] GC(23) Concurrent Clear Claimed Marks 0.022ms
[18.855s][info][gc,marking  ] GC(23) Concurrent Cleanup for Next Mark
[18.856s][info][gc,marking  ] GC(23) Concurrent Cleanup for Next Mark 0.605ms
[18.856s][info][gc          ] GC(23) Concurrent Mark Cycle 10.997ms
[20.711s][info][gc,start    ] GC(24) Pause Young (Normal) (G1 Evacuation Pause)
[20.711s][info][gc,task     ] GC(24) Using 4 workers of 4 for evacuation
[20.724s][info][gc,phases   ] GC(24)   Pre Evacuate Collection Set: 0.64ms
[20.724s][info][gc,phases   ] GC(24)   Merge Heap Roots: 0.14ms
[20.724s][info][gc,phases   ] GC(24)   Evacuate Collection Set: 11.58ms
[20.724s][info][gc,phases   ] GC(24)   Post Evacuate Collection Set: 0.50ms
[20.724s][info][gc,phases   ] GC(24)   Other: 0.18ms
[20.724s][info][gc,heap     ] GC(24) Eden regions: 18->0(17)
[20.724s][info][gc,heap     ] GC(24) Survivor regions: 4->3(3)
[20.724s][info][gc,heap     ] GC(24) Old regions: 176->195
[20.724s][info][gc,heap     ] GC(24) Humongous regions: 0->0
[20.724s][info][gc,metaspace] GC(24) Metaspace: 1109K(1280K)->1109K(1280K) NonClass: 1008K(1088K)->1008K(1088K) Class: 100K(192K)->100K(192K)
[20.724s][info][gc          ] GC(24) Pause Young (Normal) (G1 Evacuation Pause) 197M->197M(256M) 13.500ms
[20.724s][info][gc,cpu      ] GC(24) User=0.02s Sys=0.02s Real=0.01s
[22.453s][info][gc,start    ] GC(25) Pause Young (Concurrent Start) (G1 Evacuation Pause)
[22.453s][info][gc,task     ] GC(25) Using 4 workers of 4 for evacuation
[22.470s][info][gc,phases   ] GC(25)   Pre Evacuate Collection Set: 0.44ms
[22.470s][info][gc,phases   ] GC(25)   Merge Heap Roots: 0.10ms
[22.470s][info][gc,phases   ] GC(25)   Evacuate Collection Set: 15.40ms
[22.470s][info][gc,phases   ] GC(25)   Post Evacuate Collection Set: 0.46ms
[22.470s][info][gc,phases   ] GC(25)   Other: 0.21ms
[22.470s][info][gc,heap     ] GC(25) Eden regions: 17->0(12)
[22.470s][info][gc,heap     ] GC(25) Survivor regions: 3->3(3)
[22.470s][info][gc,heap     ] GC(25) Old regions: 195->212
[22.470s][info][gc,heap     ] GC(25) Humongous regions: 0->0
[22.470s][info][gc,metaspace] GC(25) Metaspace: 1109K(1280K)->1109K(1280K) NonClass: 1008K(1088K)->1008K(1088K) Class: 100K(192K)->100K(192K)
[22.470s][info][gc          ] GC(25) Pause Young (Concurrent Start) (G1 Evacuation Pause) 214M->214M(256M) 17.070ms
[22.470s][info][gc,cpu      ] GC(25) User=0.02s Sys=0.03s Real=0.02s
[22.470s][info][gc          ] GC(26) Concurrent Mark Cycle
[22.470s][info][gc,marking  ] GC(26) Concurrent Scan Root Regions
[22.471s][info][gc,marking  ] GC(26) Concurrent Scan Root Regions 0.278ms
[22.471s][info][gc,marking  ] GC(26) Concurrent Mark
[22.471s][info][gc,marking  ] GC(26) Concurrent Mark From Roots
[22.471s][info][gc,task     ] GC(26) Using 1 workers of 1 for marking
[22.485s][info][gc,marking  ] GC(26) Concurrent Mark From Roots 14.284ms
[22.485s][info][gc,marking  ] GC(26) Concurrent Preclean
[22.485s][info][gc,marking  ] GC(26) Concurrent Preclean 0.032ms
[22.485s][info][gc,start    ] GC(26) Pause Remark
[22.487s][info][gc          ] GC(26) Pause Remark 215M->215M(256M) 1.388ms
[22.487s][info][gc,cpu      ] GC(26) User=0.00s Sys=0.00s Real=0.00s
[22.487s][info][gc,marking  ] GC(26) Concurrent Mark 16.122ms
[22.487s][info][gc,marking  ] GC(26) Concurrent Rebuild Remembered Sets and Scrub Regions
[22.492s][info][gc,marking  ] GC(26) Concurrent Rebuild Remembered Sets and Scrub Regions 5.298ms
[22.492s][info][gc,start    ] GC(26) Pause Cleanup
[22.493s][info][gc          ] GC(26) Pause Cleanup 215M->215M(256M) 0.377ms
[22.493s][info][gc,cpu      ] GC(26) User=0.00s Sys=0.00s Real=0.00s
[22.493s][info][gc,marking  ] GC(26) Concurrent Clear Claimed Marks
[22.493s][info][gc,marking  ] GC(26) Concurrent Clear Claimed Marks 0.052ms
[22.493s][info][gc,marking  ] GC(26) Concurrent Cleanup for Next Mark
[22.494s][info][gc,marking  ] GC(26) Concurrent Cleanup for Next Mark 1.015ms
[22.494s][info][gc          ] GC(26) Concurrent Mark Cycle 23.873ms
[23.687s][info][gc,start    ] GC(27) Pause Young (Normal) (G1 Evacuation Pause)
[23.687s][info][gc,task     ] GC(27) Using 4 workers of 4 for evacuation
[23.693s][info][gc,phases   ] GC(27)   Pre Evacuate Collection Set: 0.44ms
[23.693s][info][gc,phases   ] GC(27)   Merge Heap Roots: 0.12ms
[23.693s][info][gc,phases   ] GC(27)   Evacuate Collection Set: 4.78ms
[23.693s][info][gc,phases   ] GC(27)   Post Evacuate Collection Set: 0.47ms
[23.693s][info][gc,phases   ] GC(27)   Other: 0.14ms
[23.693s][info][gc,heap     ] GC(27) Eden regions: 12->0(10)
[23.693s][info][gc,heap     ] GC(27) Survivor regions: 3->2(2)
[23.693s][info][gc,heap     ] GC(27) Old regions: 212->225
[23.693s][info][gc,heap     ] GC(27) Humongous regions: 0->0
[23.693s][info][gc,metaspace] GC(27) Metaspace: 1110K(1280K)->1110K(1280K) NonClass: 1009K(1088K)->1009K(1088K) Class: 100K(192K)->100K(192K)
[23.694s][info][gc          ] GC(27) Pause Young (Normal) (G1 Evacuation Pause) 226M->226M(256M) 6.409ms
[23.694s][info][gc,cpu      ] GC(27) User=0.01s Sys=0.01s Real=0.01s
[24.707s][info][gc,start    ] GC(28) Pause Young (Concurrent Start) (G1 Evacuation Pause)
[24.707s][info][gc,task     ] GC(28) Using 4 workers of 4 for evacuation
[24.713s][info][gc,phases   ] GC(28)   Pre Evacuate Collection Set: 0.49ms
[24.713s][info][gc,phases   ] GC(28)   Merge Heap Roots: 0.09ms
[24.713s][info][gc,phases   ] GC(28)   Evacuate Collection Set: 4.38ms
[24.713s][info][gc,phases   ] GC(28)   Post Evacuate Collection Set: 0.78ms
[24.713s][info][gc,phases   ] GC(28)   Other: 0.20ms
[24.713s][info][gc,heap     ] GC(28) Eden regions: 10->0(10)
[24.713s][info][gc,heap     ] GC(28) Survivor regions: 2->2(2)
[24.713s][info][gc,heap     ] GC(28) Old regions: 225->235
[24.713s][info][gc,heap     ] GC(28) Humongous regions: 0->0
[24.713s][info][gc,metaspace] GC(28) Metaspace: 1110K(1280K)->1110K(1280K) NonClass: 1009K(1088K)->1009K(1088K) Class: 100K(192K)->100K(192K)
[24.714s][info][gc          ] GC(28) Pause Young (Concurrent Start) (G1 Evacuation Pause) 236M->236M(256M) 6.518ms
[24.714s][info][gc,cpu      ] GC(28) User=0.01s Sys=0.00s Real=0.01s
[24.714s][info][gc          ] GC(29) Concurrent Mark Cycle
[24.714s][info][gc,marking  ] GC(29) Concurrent Scan Root Regions
[24.714s][info][gc,marking  ] GC(29) Concurrent Scan Root Regions 0.360ms
[24.714s][info][gc,marking  ] GC(29) Concurrent Mark
[24.714s][info][gc,marking  ] GC(29) Concurrent Mark From Roots
[24.714s][info][gc,task     ] GC(29) Using 1 workers of 1 for marking
[24.733s][info][gc,marking  ] GC(29) Concurrent Mark From Roots 18.244ms
[24.733s][info][gc,marking  ] GC(29) Concurrent Preclean
[24.733s][info][gc,marking  ] GC(29) Concurrent Preclean 0.073ms
[24.733s][info][gc,start    ] GC(29) Pause Remark
[24.735s][info][gc          ] GC(29) Pause Remark 236M->236M(256M) 2.678ms
[24.736s][info][gc,cpu      ] GC(29) User=0.01s Sys=0.00s Real=0.00s
[24.736s][info][gc,marking  ] GC(29) Concurrent Mark 21.531ms
[24.736s][info][gc,marking  ] GC(29) Concurrent Rebuild Remembered Sets and Scrub Regions
[24.740s][info][gc,marking  ] GC(29) Concurrent Rebuild Remembered Sets and Scrub Regions 4.391ms
[24.740s][info][gc,start    ] GC(29) Pause Cleanup
[24.741s][info][gc          ] GC(29) Pause Cleanup 236M->236M(256M) 0.377ms
[24.741s][info][gc,cpu      ] GC(29) User=0.00s Sys=0.00s Real=0.00s
[24.741s][info][gc,marking  ] GC(29) Concurrent Clear Claimed Marks
[24.741s][info][gc,marking  ] GC(29) Concurrent Clear Claimed Marks 0.050ms
[24.741s][info][gc,marking  ] GC(29) Concurrent Cleanup for Next Mark
[24.742s][info][gc,marking  ] GC(29) Concurrent Cleanup for Next Mark 0.908ms
[24.742s][info][gc          ] GC(29) Concurrent Mark Cycle 28.317ms
[25.728s][info][gc,start    ] GC(30) Pause Young (Normal) (G1 Evacuation Pause)
[25.728s][info][gc,task     ] GC(30) Using 4 workers of 4 for evacuation
[25.737s][info][gc,phases   ] GC(30)   Pre Evacuate Collection Set: 0.92ms
[25.738s][info][gc,phases   ] GC(30)   Merge Heap Roots: 0.19ms
[25.738s][info][gc,phases   ] GC(30)   Evacuate Collection Set: 6.27ms
[25.738s][info][gc,phases   ] GC(30)   Post Evacuate Collection Set: 1.44ms
[25.738s][info][gc,phases   ] GC(30)   Other: 0.18ms
[25.738s][info][gc,heap     ] GC(30) Eden regions: 10->0(1)
[25.738s][info][gc,heap     ] GC(30) Survivor regions: 2->2(2)
[25.738s][info][gc,heap     ] GC(30) Old regions: 235->253
[25.738s][info][gc,heap     ] GC(30) Humongous regions: 0->0
[25.738s][info][gc,metaspace] GC(30) Metaspace: 1092K(1280K)->1092K(1280K) NonClass: 996K(1088K)->996K(1088K) Class: 95K(192K)->95K(192K)
[25.738s][info][gc          ] GC(30) Pause Young (Normal) (G1 Evacuation Pause) (Evacuation Failure) 246M->254M(256M) 9.589ms
[25.738s][info][gc,cpu      ] GC(30) User=0.02s Sys=0.00s Real=0.01s
[25.830s][info][gc,start    ] GC(31) Pause Young (Concurrent Start) (G1 Evacuation Pause)
[25.831s][info][gc,task     ] GC(31) Using 4 workers of 4 for evacuation
[25.832s][info][gc,phases   ] GC(31)   Pre Evacuate Collection Set: 0.32ms
[25.833s][info][gc,phases   ] GC(31)   Merge Heap Roots: 0.09ms
[25.833s][info][gc,phases   ] GC(31)   Evacuate Collection Set: 0.76ms
[25.833s][info][gc,phases   ] GC(31)   Post Evacuate Collection Set: 0.48ms
[25.833s][info][gc,phases   ] GC(31)   Other: 0.21ms
[25.833s][info][gc,heap     ] GC(31) Eden regions: 1->0(1)
[25.833s][info][gc,heap     ] GC(31) Survivor regions: 2->0(0)
[25.833s][info][gc,heap     ] GC(31) Old regions: 253->256
[25.833s][info][gc,heap     ] GC(31) Humongous regions: 0->0
[25.833s][info][gc,metaspace] GC(31) Metaspace: 1092K(1280K)->1092K(1280K) NonClass: 996K(1088K)->996K(1088K) Class: 95K(192K)->95K(192K)
[25.833s][info][gc          ] GC(31) Pause Young (Concurrent Start) (G1 Evacuation Pause) (Evacuation Failure) 255M->255M(256M) 2.433ms
[25.833s][info][gc,cpu      ] GC(31) User=0.00s Sys=0.00s Real=0.00s
[25.833s][info][gc,ergo     ] Attempting full compaction
[25.833s][info][gc          ] GC(32) Concurrent Mark Cycle
[25.833s][info][gc,marking  ] GC(32) Concurrent Scan Root Regions
[25.833s][info][gc,start    ] GC(33) Pause Full (G1 Compaction Pause)
[25.833s][info][gc,marking  ] GC(32) Concurrent Scan Root Regions 0.024ms
[25.833s][info][gc,task     ] GC(33) Using 4 workers of 4 for full compaction
[25.833s][info][gc,marking  ] GC(32) Concurrent Mark
[25.833s][info][gc,marking  ] GC(32) Concurrent Mark From Roots
[25.833s][info][gc,task     ] GC(32) Using 1 workers of 1 for marking
[25.842s][info][gc,phases,start] GC(33) Phase 1: Mark live objects
[25.851s][info][gc,phases      ] GC(33) Phase 1: Mark live objects 8.850ms
[25.851s][info][gc,phases,start] GC(33) Phase 2: Prepare compaction
[25.852s][info][gc,phases      ] GC(33) Phase 2: Prepare compaction 1.084ms
[25.852s][info][gc,phases,start] GC(33) Phase 3: Adjust pointers
[25.856s][info][gc,phases      ] GC(33) Phase 3: Adjust pointers 3.364ms
[25.856s][info][gc,phases,start] GC(33) Phase 4: Compact heap
[25.858s][info][gc,phases      ] GC(33) Phase 4: Compact heap 2.277ms
[25.858s][info][gc,phases,start] GC(33) Phase 5: Reset Metadata
[25.860s][info][gc,phases      ] GC(33) Phase 5: Reset Metadata 1.894ms
[25.862s][info][gc,heap        ] GC(33) Eden regions: 0->0(7)
[25.862s][info][gc,heap        ] GC(33) Survivor regions: 0->0(0)
[25.862s][info][gc,heap        ] GC(33) Old regions: 256->249
[25.862s][info][gc,heap        ] GC(33) Humongous regions: 0->0
[25.862s][info][gc,metaspace   ] GC(33) Metaspace: 1092K(1280K)->1092K(1280K) NonClass: 996K(1088K)->996K(1088K) Class: 95K(192K)->95K(192K)
[25.862s][info][gc             ] GC(33) Pause Full (G1 Compaction Pause) 255M->246M(256M) 28.879ms
[25.862s][info][gc,cpu         ] GC(33) User=0.05s Sys=0.00s Real=0.03s
[25.862s][info][gc,marking     ] GC(32) Concurrent Mark From Roots 28.877ms
[25.862s][info][gc,marking     ] GC(32) Concurrent Mark Abort
[25.862s][info][gc             ] GC(32) Concurrent Mark Cycle 29.178ms
[26.578s][info][gc,start       ] GC(34) Pause Young (Normal) (G1 Evacuation Pause)
[26.578s][info][gc,task        ] GC(34) Using 4 workers of 4 for evacuation
[26.580s][info][gc,phases      ] GC(34)   Pre Evacuate Collection Set: 0.36ms
[26.580s][info][gc,phases      ] GC(34)   Merge Heap Roots: 0.04ms
[26.580s][info][gc,phases      ] GC(34)   Evacuate Collection Set: 0.61ms
[26.580s][info][gc,phases      ] GC(34)   Post Evacuate Collection Set: 0.54ms
[26.580s][info][gc,phases      ] GC(34)   Other: 0.09ms
[26.580s][info][gc,heap        ] GC(34) Eden regions: 7->0(1)
[26.580s][info][gc,heap        ] GC(34) Survivor regions: 0->0(0)
[26.580s][info][gc,heap        ] GC(34) Old regions: 249->256
[26.580s][info][gc,heap        ] GC(34) Humongous regions: 0->0
[26.580s][info][gc,metaspace   ] GC(34) Metaspace: 1093K(1280K)->1093K(1280K) NonClass: 997K(1088K)->997K(1088K) Class: 95K(192K)->95K(192K)
[26.580s][info][gc             ] GC(34) Pause Young (Normal) (G1 Evacuation Pause) (Evacuation Failure) 253M->253M(256M) 1.906ms
[26.580s][info][gc,cpu         ] GC(34) User=0.01s Sys=0.00s Real=0.01s
[26.580s][info][gc,ergo        ] Attempting full compaction
[26.580s][info][gc,start       ] GC(35) Pause Full (G1 Compaction Pause)
[26.580s][info][gc,task        ] GC(35) Using 4 workers of 4 for full compaction
[26.580s][info][gc,phases,start] GC(35) Phase 1: Mark live objects
[26.587s][info][gc,phases      ] GC(35) Phase 1: Mark live objects 6.914ms
[26.587s][info][gc,phases,start] GC(35) Phase 2: Prepare compaction
[26.587s][info][gc,phases      ] GC(35) Phase 2: Prepare compaction 0.512ms
[26.587s][info][gc,phases,start] GC(35) Phase 3: Adjust pointers
[26.591s][info][gc,phases      ] GC(35) Phase 3: Adjust pointers 3.622ms
[26.591s][info][gc,phases,start] GC(35) Phase 4: Compact heap
[26.592s][info][gc,phases      ] GC(35) Phase 4: Compact heap 0.727ms
[26.592s][info][gc,phases,start] GC(35) Phase 5: Reset Metadata
[26.593s][info][gc,phases      ] GC(35) Phase 5: Reset Metadata 1.305ms
[26.594s][info][gc,heap        ] GC(35) Eden regions: 0->0(1)
[26.594s][info][gc,heap        ] GC(35) Survivor regions: 0->0(0)
[26.594s][info][gc,heap        ] GC(35) Old regions: 256->255
[26.594s][info][gc,heap        ] GC(35) Humongous regions: 0->0
[26.594s][info][gc,metaspace   ] GC(35) Metaspace: 1093K(1280K)->1093K(1280K) NonClass: 997K(1088K)->997K(1088K) Class: 95K(192K)->95K(192K)
[26.594s][info][gc             ] GC(35) Pause Full (G1 Compaction Pause) 253M->253M(256M) 14.640ms
[26.594s][info][gc,cpu         ] GC(35) User=0.02s Sys=0.00s Real=0.01s
[26.697s][info][gc,start       ] GC(36) Pause Young (Concurrent Start) (G1 Evacuation Pause)
[26.697s][info][gc,task        ] GC(36) Using 4 workers of 4 for evacuation
[26.698s][info][gc,phases      ] GC(36)   Pre Evacuate Collection Set: 0.51ms
[26.698s][info][gc,phases      ] GC(36)   Merge Heap Roots: 0.04ms
[26.699s][info][gc,phases      ] GC(36)   Evacuate Collection Set: 0.37ms
[26.699s][info][gc,phases      ] GC(36)   Post Evacuate Collection Set: 0.30ms
[26.699s][info][gc,phases      ] GC(36)   Other: 0.12ms
[26.699s][info][gc,heap        ] GC(36) Eden regions: 1->0(1)
[26.699s][info][gc,heap        ] GC(36) Survivor regions: 0->0(0)
[26.699s][info][gc,heap        ] GC(36) Old regions: 255->256
[26.699s][info][gc,heap        ] GC(36) Humongous regions: 0->0
[26.699s][info][gc,metaspace   ] GC(36) Metaspace: 1093K(1280K)->1093K(1280K) NonClass: 997K(1088K)->997K(1088K) Class: 95K(192K)->95K(192K)
[26.699s][info][gc             ] GC(36) Pause Young (Concurrent Start) (G1 Evacuation Pause) (Evacuation Failure) 254M->254M(256M) 1.633ms
[26.699s][info][gc,cpu         ] GC(36) User=0.00s Sys=0.00s Real=0.00s
[26.699s][info][gc             ] GC(37) Concurrent Mark Cycle
[26.699s][info][gc,marking     ] GC(37) Concurrent Scan Root Regions
[26.699s][info][gc,marking     ] GC(37) Concurrent Scan Root Regions 0.014ms
[26.699s][info][gc,marking     ] GC(37) Concurrent Mark
[26.699s][info][gc,marking     ] GC(37) Concurrent Mark From Roots
[26.699s][info][gc,task        ] GC(37) Using 1 workers of 1 for marking
[26.699s][info][gc,ergo        ] Attempting full compaction
[26.699s][info][gc,start       ] GC(38) Pause Full (G1 Compaction Pause)
[26.699s][info][gc,task        ] GC(38) Using 4 workers of 4 for full compaction
[26.699s][info][gc,phases,start] GC(38) Phase 1: Mark live objects
[26.708s][info][gc,phases      ] GC(38) Phase 1: Mark live objects 8.751ms
[26.708s][info][gc,phases,start] GC(38) Phase 2: Prepare compaction
[26.709s][info][gc,phases      ] GC(38) Phase 2: Prepare compaction 0.449ms
[26.709s][info][gc,phases,start] GC(38) Phase 3: Adjust pointers
[26.710s][info][gc,phases      ] GC(38) Phase 3: Adjust pointers 1.563ms
[26.710s][info][gc,phases,start] GC(38) Phase 4: Compact heap
[26.711s][info][gc,phases      ] GC(38) Phase 4: Compact heap 0.823ms
[26.711s][info][gc,phases,start] GC(38) Phase 5: Reset Metadata
[26.712s][info][gc,phases      ] GC(38) Phase 5: Reset Metadata 0.908ms
[26.713s][info][gc,heap        ] GC(38) Eden regions: 0->0(1)
[26.713s][info][gc,heap        ] GC(38) Survivor regions: 0->0(0)
[26.713s][info][gc,heap        ] GC(38) Old regions: 256->255
[26.713s][info][gc,heap        ] GC(38) Humongous regions: 0->0
[26.713s][info][gc,metaspace   ] GC(38) Metaspace: 1093K(1280K)->1093K(1280K) NonClass: 997K(1088K)->997K(1088K) Class: 95K(192K)->95K(192K)
[26.713s][info][gc             ] GC(38) Pause Full (G1 Compaction Pause) 254M->254M(256M) 14.312ms
[26.713s][info][gc,cpu         ] GC(38) User=0.02s Sys=0.01s Real=0.02s
[26.713s][info][gc,marking     ] GC(37) Concurrent Mark From Roots 14.451ms
[26.713s][info][gc,marking     ] GC(37) Concurrent Mark Abort
[26.713s][info][gc             ] GC(37) Concurrent Mark Cycle 14.541ms
[26.816s][info][gc,start       ] GC(39) Pause Young (Normal) (G1 Evacuation Pause)
[26.816s][info][gc,task        ] GC(39) Using 4 workers of 4 for evacuation
[26.819s][info][gc,phases      ] GC(39)   Pre Evacuate Collection Set: 0.71ms
[26.819s][info][gc,phases      ] GC(39)   Merge Heap Roots: 0.13ms
[26.819s][info][gc,phases      ] GC(39)   Evacuate Collection Set: 0.46ms
[26.819s][info][gc,phases      ] GC(39)   Post Evacuate Collection Set: 0.72ms
[26.819s][info][gc,phases      ] GC(39)   Other: 0.20ms
[26.819s][info][gc,heap        ] GC(39) Eden regions: 1->0(1)
[26.819s][info][gc,heap        ] GC(39) Survivor regions: 0->0(0)
[26.819s][info][gc,heap        ] GC(39) Old regions: 255->256
[26.819s][info][gc,heap        ] GC(39) Humongous regions: 0->0
[26.819s][info][gc,metaspace   ] GC(39) Metaspace: 1093K(1280K)->1093K(1280K) NonClass: 997K(1088K)->997K(1088K) Class: 95K(192K)->95K(192K)
[26.819s][info][gc             ] GC(39) Pause Young (Normal) (G1 Evacuation Pause) (Evacuation Failure) 255M->255M(256M) 2.830ms
[26.819s][info][gc,cpu         ] GC(39) User=0.01s Sys=0.00s Real=0.00s
[26.819s][info][gc,ergo        ] Attempting full compaction
[26.819s][info][gc,start       ] GC(40) Pause Full (G1 Compaction Pause)
[26.819s][info][gc,task        ] GC(40) Using 4 workers of 4 for full compaction
[26.819s][info][gc,phases,start] GC(40) Phase 1: Mark live objects
[26.824s][info][gc,phases      ] GC(40) Phase 1: Mark live objects 5.000ms
[26.825s][info][gc,phases,start] GC(40) Phase 2: Prepare compaction
[26.825s][info][gc,phases      ] GC(40) Phase 2: Prepare compaction 0.442ms
[26.825s][info][gc,phases,start] GC(40) Phase 3: Adjust pointers
[26.826s][info][gc,phases      ] GC(40) Phase 3: Adjust pointers 1.418ms
[26.826s][info][gc,phases,start] GC(40) Phase 4: Compact heap
[26.827s][info][gc,phases      ] GC(40) Phase 4: Compact heap 0.260ms
[26.827s][info][gc,phases,start] GC(40) Phase 5: Reset Metadata
[26.828s][info][gc,phases      ] GC(40) Phase 5: Reset Metadata 1.004ms
[26.829s][info][gc,heap        ] GC(40) Eden regions: 0->0(1)
[26.829s][info][gc,heap        ] GC(40) Survivor regions: 0->0(0)
[26.829s][info][gc,heap        ] GC(40) Old regions: 256->256
[26.829s][info][gc,heap        ] GC(40) Humongous regions: 0->0
[26.829s][info][gc,metaspace   ] GC(40) Metaspace: 1093K(1280K)->1093K(1280K) NonClass: 997K(1088K)->997K(1088K) Class: 95K(192K)->95K(192K)
[26.829s][info][gc             ] GC(40) Pause Full (G1 Compaction Pause) 255M->255M(256M) 10.151ms
[26.829s][info][gc,cpu         ] GC(40) User=0.01s Sys=0.00s Real=0.01s
[26.829s][info][gc,ergo        ] Attempting maximal full compaction clearing soft references
[26.829s][info][gc,start       ] GC(41) Pause Full (G1 Compaction Pause)
[26.829s][info][gc,task        ] GC(41) Using 4 workers of 4 for full compaction
[26.829s][info][gc,phases,start] GC(41) Phase 1: Mark live objects
[26.834s][info][gc,phases      ] GC(41) Phase 1: Mark live objects 4.078ms
[26.834s][info][gc,phases,start] GC(41) Phase 2: Prepare compaction
[26.836s][info][gc,phases      ] GC(41) Phase 2: Prepare compaction 2.304ms
[26.836s][info][gc,phases,start] GC(41) Phase 3: Adjust pointers
[26.838s][info][gc,phases      ] GC(41) Phase 3: Adjust pointers 2.075ms
[26.838s][info][gc,phases,start] GC(41) Phase 4: Compact heap
[26.850s][info][gc,phases      ] GC(41) Phase 4: Compact heap 12.062ms
[26.850s][info][gc,phases,start] GC(41) Phase 5: Reset Metadata
[26.850s][info][gc,phases      ] GC(41) Phase 5: Reset Metadata 0.222ms
[26.851s][info][gc,heap        ] GC(41) Eden regions: 0->0(1)
[26.851s][info][gc,heap        ] GC(41) Survivor regions: 0->0(0)
[26.851s][info][gc,heap        ] GC(41) Old regions: 256->256
[26.851s][info][gc,heap        ] GC(41) Humongous regions: 0->0
[26.851s][info][gc,metaspace   ] GC(41) Metaspace: 1093K(1280K)->1093K(1280K) NonClass: 997K(1088K)->997K(1088K) Class: 95K(192K)->95K(192K)
[26.851s][info][gc             ] GC(41) Pause Full (G1 Compaction Pause) 255M->250M(256M) 21.971ms
[26.851s][info][gc,cpu         ] GC(41) User=0.04s Sys=0.01s Real=0.03s
[28.043s][info][gc,start       ] GC(42) Pause Young (Concurrent Start) (G1 Evacuation Pause)
[28.070s][info][gc,task        ] GC(42) Using 4 workers of 4 for evacuation
[28.072s][info][gc,phases      ] GC(42)   Pre Evacuate Collection Set: 0.46ms
[28.072s][info][gc,phases      ] GC(42)   Merge Heap Roots: 0.08ms
[28.072s][info][gc,phases      ] GC(42)   Evacuate Collection Set: 0.74ms
[28.072s][info][gc,phases      ] GC(42)   Post Evacuate Collection Set: 0.36ms
[28.072s][info][gc,phases      ] GC(42)   Other: 0.30ms
[28.072s][info][gc,heap        ] GC(42) Eden regions: 0->0(1)
[28.072s][info][gc,heap        ] GC(42) Survivor regions: 0->0(0)
[28.072s][info][gc,heap        ] GC(42) Old regions: 256->256
[28.072s][info][gc,heap        ] GC(42) Humongous regions: 0->0
[28.072s][info][gc,metaspace   ] GC(42) Metaspace: 1093K(1280K)->1093K(1280K) NonClass: 997K(1088K)->997K(1088K) Class: 95K(192K)->95K(192K)
[28.072s][info][gc             ] GC(42) Pause Young (Concurrent Start) (G1 Evacuation Pause) 250M->250M(256M) 29.103ms
[28.072s][info][gc,cpu         ] GC(42) User=0.00s Sys=0.00s Real=0.03s
[28.072s][info][gc,ergo        ] Attempting full compaction
[28.072s][info][gc             ] GC(43) Concurrent Mark Cycle
[28.072s][info][gc,marking     ] GC(43) Concurrent Scan Root Regions
[28.072s][info][gc,marking     ] GC(43) Concurrent Scan Root Regions 0.026ms
[28.072s][info][gc,marking     ] GC(43) Concurrent Mark
[28.072s][info][gc,start       ] GC(44) Pause Full (G1 Compaction Pause)
[28.072s][info][gc,task        ] GC(44) Using 4 workers of 4 for full compaction
[28.072s][info][gc,marking     ] GC(43) Concurrent Mark From Roots
[28.072s][info][gc,task        ] GC(43) Using 1 workers of 1 for marking
[28.073s][info][gc,phases,start] GC(44) Phase 1: Mark live objects
[28.078s][info][gc,phases      ] GC(44) Phase 1: Mark live objects 4.617ms
[28.078s][info][gc,phases,start] GC(44) Phase 2: Prepare compaction
[28.079s][info][gc,phases      ] GC(44) Phase 2: Prepare compaction 1.241ms
[28.079s][info][gc,phases,start] GC(44) Phase 3: Adjust pointers
[28.086s][info][gc,phases      ] GC(44) Phase 3: Adjust pointers 7.302ms
[28.086s][info][gc,phases,start] GC(44) Phase 4: Compact heap
[28.088s][info][gc,phases      ] GC(44) Phase 4: Compact heap 1.757ms
[28.088s][info][gc,phases,start] GC(44) Phase 5: Reset Metadata
[28.090s][info][gc,phases      ] GC(44) Phase 5: Reset Metadata 1.893ms
[28.091s][info][gc,heap        ] GC(44) Eden regions: 0->0(1)
[28.091s][info][gc,heap        ] GC(44) Survivor regions: 0->0(0)
[28.091s][info][gc,heap        ] GC(44) Old regions: 256->256
[28.091s][info][gc,heap        ] GC(44) Humongous regions: 0->0
[28.091s][info][gc,metaspace   ] GC(44) Metaspace: 1093K(1280K)->1093K(1280K) NonClass: 997K(1088K)->997K(1088K) Class: 95K(192K)->95K(192K)
[28.092s][info][gc             ] GC(44) Pause Full (G1 Compaction Pause) 250M->250M(256M) 19.453ms
[28.092s][info][gc,cpu         ] GC(44) User=0.02s Sys=0.01s Real=0.02s
[28.092s][info][gc,ergo        ] Attempting maximal full compaction clearing soft references
[28.092s][info][gc,start       ] GC(45) Pause Full (G1 Compaction Pause)
[28.092s][info][gc,task        ] GC(45) Using 4 workers of 4 for full compaction
[28.092s][info][gc,phases,start] GC(45) Phase 1: Mark live objects
[28.102s][info][gc,phases      ] GC(45) Phase 1: Mark live objects 9.517ms
[28.102s][info][gc,phases,start] GC(45) Phase 2: Prepare compaction
[28.104s][info][gc,phases      ] GC(45) Phase 2: Prepare compaction 2.209ms
[28.104s][info][gc,phases,start] GC(45) Phase 3: Adjust pointers
[28.108s][info][gc,phases      ] GC(45) Phase 3: Adjust pointers 3.771ms
[28.108s][info][gc,phases,start] GC(45) Phase 4: Compact heap
[28.110s][info][gc,phases      ] GC(45) Phase 4: Compact heap 1.909ms
[28.110s][info][gc,phases,start] GC(45) Phase 5: Reset Metadata
[28.110s][info][gc,phases      ] GC(45) Phase 5: Reset Metadata 0.338ms
[28.112s][info][gc,heap        ] GC(45) Eden regions: 0->0(1)
[28.112s][info][gc,heap        ] GC(45) Survivor regions: 0->0(0)
[28.112s][info][gc,heap        ] GC(45) Old regions: 256->256
[28.112s][info][gc,heap        ] GC(45) Humongous regions: 0->0
[28.112s][info][gc,metaspace   ] GC(45) Metaspace: 1093K(1280K)->1093K(1280K) NonClass: 997K(1088K)->997K(1088K) Class: 95K(192K)->95K(192K)
[28.112s][info][gc             ] GC(45) Pause Full (G1 Compaction Pause) 250M->250M(256M) 20.126ms
[28.112s][info][gc,cpu         ] GC(45) User=0.03s Sys=0.00s Real=0.02s
[28.112s][info][gc,marking     ] GC(43) Concurrent Mark From Roots 39.651ms
[28.112s][info][gc,marking     ] GC(43) Concurrent Mark Abort
[28.112s][info][gc             ] GC(43) Concurrent Mark Cycle 39.857ms
[28.113s][info][gc,start       ] GC(46) Pause Young (Normal) (G1 Evacuation Pause)
[28.113s][info][gc,task        ] GC(46) Using 4 workers of 4 for evacuation
[28.113s][info][gc,phases      ] GC(46)   Pre Evacuate Collection Set: 0.21ms
[28.113s][info][gc,phases      ] GC(46)   Merge Heap Roots: 0.05ms
[28.113s][info][gc,phases      ] GC(46)   Evacuate Collection Set: 0.09ms
[28.113s][info][gc,phases      ] GC(46)   Post Evacuate Collection Set: 0.12ms
[28.113s][info][gc,phases      ] GC(46)   Other: 0.06ms
[28.113s][info][gc,heap        ] GC(46) Eden regions: 0->0(1)
[28.113s][info][gc,heap        ] GC(46) Survivor regions: 0->0(0)
[28.113s][info][gc,heap        ] GC(46) Old regions: 256->256
[28.113s][info][gc,heap        ] GC(46) Humongous regions: 0->0
[28.113s][info][gc,metaspace   ] GC(46) Metaspace: 1093K(1280K)->1093K(1280K) NonClass: 997K(1088K)->997K(1088K) Class: 95K(192K)->95K(192K)
[28.113s][info][gc             ] GC(46) Pause Young (Normal) (G1 Evacuation Pause) 250M->250M(256M) 0.698ms
[28.113s][info][gc,cpu         ] GC(46) User=0.00s Sys=0.00s Real=0.00s
[28.113s][info][gc,ergo        ] Attempting full compaction
[28.113s][info][gc,start       ] GC(47) Pause Full (G1 Compaction Pause)
[28.113s][info][gc,task        ] GC(47) Using 4 workers of 4 for full compaction
[28.113s][info][gc,phases,start] GC(47) Phase 1: Mark live objects
[28.117s][info][gc,phases      ] GC(47) Phase 1: Mark live objects 3.717ms
[28.117s][info][gc,phases,start] GC(47) Phase 2: Prepare compaction
[28.117s][info][gc,phases      ] GC(47) Phase 2: Prepare compaction 0.078ms
[28.117s][info][gc,phases,start] GC(47) Phase 3: Adjust pointers
[28.121s][info][gc,phases      ] GC(47) Phase 3: Adjust pointers 3.350ms
[28.121s][info][gc,phases,start] GC(47) Phase 4: Compact heap
[28.121s][info][gc,phases      ] GC(47) Phase 4: Compact heap 0.120ms
[28.121s][info][gc,phases,start] GC(47) Phase 5: Reset Metadata
[28.124s][info][gc,phases      ] GC(47) Phase 5: Reset Metadata 3.138ms
[28.125s][info][gc,heap        ] GC(47) Eden regions: 0->0(1)
[28.125s][info][gc,heap        ] GC(47) Survivor regions: 0->0(0)
[28.125s][info][gc,heap        ] GC(47) Old regions: 256->256
[28.125s][info][gc,heap        ] GC(47) Humongous regions: 0->0
[28.125s][info][gc,metaspace   ] GC(47) Metaspace: 1093K(1280K)->1093K(1280K) NonClass: 997K(1088K)->997K(1088K) Class: 95K(192K)->95K(192K)
[28.125s][info][gc             ] GC(47) Pause Full (G1 Compaction Pause) 250M->250M(256M) 11.798ms
[28.125s][info][gc,cpu         ] GC(47) User=0.02s Sys=0.00s Real=0.01s
[28.125s][info][gc,ergo        ] Attempting maximal full compaction clearing soft references
[28.125s][info][gc,start       ] GC(48) Pause Full (G1 Compaction Pause)
[28.125s][info][gc,task        ] GC(48) Using 4 workers of 4 for full compaction
[28.125s][info][gc,phases,start] GC(48) Phase 1: Mark live objects
[28.129s][info][gc,phases      ] GC(48) Phase 1: Mark live objects 3.983ms
[28.129s][info][gc,phases,start] GC(48) Phase 2: Prepare compaction
[28.131s][info][gc,phases      ] GC(48) Phase 2: Prepare compaction 1.748ms
[28.131s][info][gc,phases,start] GC(48) Phase 3: Adjust pointers
[28.135s][info][gc,phases      ] GC(48) Phase 3: Adjust pointers 3.852ms
[28.135s][info][gc,phases,start] GC(48) Phase 4: Compact heap
[28.137s][info][gc,phases      ] GC(48) Phase 4: Compact heap 1.517ms
[28.137s][info][gc,phases,start] GC(48) Phase 5: Reset Metadata
[28.137s][info][gc,phases      ] GC(48) Phase 5: Reset Metadata 0.479ms
[28.138s][info][gc,heap        ] GC(48) Eden regions: 0->0(1)
[28.138s][info][gc,heap        ] GC(48) Survivor regions: 0->0(0)
[28.138s][info][gc,heap        ] GC(48) Old regions: 256->256
[28.138s][info][gc,heap        ] GC(48) Humongous regions: 0->0
[28.138s][info][gc,metaspace   ] GC(48) Metaspace: 1093K(1280K)->1093K(1280K) NonClass: 997K(1088K)->997K(1088K) Class: 95K(192K)->95K(192K)
[28.138s][info][gc             ] GC(48) Pause Full (G1 Compaction Pause) 250M->250M(256M) 13.085ms
[28.138s][info][gc,cpu         ] GC(48) User=0.02s Sys=0.00s Real=0.01s
[28.140s][info][gc,start       ] GC(49) Pause Young (Concurrent Start) (G1 Evacuation Pause)
[28.140s][info][gc,task        ] GC(49) Using 4 workers of 4 for evacuation
[28.143s][info][gc,phases      ] GC(49)   Pre Evacuate Collection Set: 1.01ms
[28.143s][info][gc,phases      ] GC(49)   Merge Heap Roots: 0.34ms
[28.143s][info][gc,phases      ] GC(49)   Evacuate Collection Set: 0.79ms
[28.143s][info][gc,phases      ] GC(49)   Post Evacuate Collection Set: 0.35ms
[28.143s][info][gc,phases      ] GC(49)   Other: 0.35ms
[28.143s][info][gc,heap        ] GC(49) Eden regions: 0->0(1)
[28.143s][info][gc,heap        ] GC(49) Survivor regions: 0->0(0)
[28.143s][info][gc,heap        ] GC(49) Old regions: 256->256
[28.143s][info][gc,heap        ] GC(49) Humongous regions: 0->0
[28.143s][info][gc,metaspace   ] GC(49) Metaspace: 1093K(1280K)->1093K(1280K) NonClass: 997K(1088K)->997K(1088K) Class: 95K(192K)->95K(192K)
[28.143s][info][gc             ] GC(49) Pause Young (Concurrent Start) (G1 Evacuation Pause) 250M->250M(256M) 3.302ms
[28.143s][info][gc,cpu         ] GC(49) User=0.01s Sys=0.00s Real=0.00s
[28.143s][info][gc,ergo        ] Attempting full compaction
[28.143s][info][gc             ] GC(50) Concurrent Mark Cycle
[28.143s][info][gc,marking     ] GC(50) Concurrent Scan Root Regions
[28.143s][info][gc,marking     ] GC(50) Concurrent Scan Root Regions 0.019ms
[28.143s][info][gc,marking     ] GC(50) Concurrent Mark
[28.143s][info][gc,start       ] GC(51) Pause Full (G1 Compaction Pause)
[28.143s][info][gc,marking     ] GC(50) Concurrent Mark From Roots
[28.143s][info][gc,task        ] GC(50) Using 1 workers of 1 for marking
[28.143s][info][gc,task        ] GC(51) Using 4 workers of 4 for full compaction
[28.145s][info][gc,phases,start] GC(51) Phase 1: Mark live objects
[28.153s][info][gc,phases      ] GC(51) Phase 1: Mark live objects 8.326ms
[28.153s][info][gc,phases,start] GC(51) Phase 2: Prepare compaction
[28.153s][info][gc,phases      ] GC(51) Phase 2: Prepare compaction 0.112ms
[28.153s][info][gc,phases,start] GC(51) Phase 3: Adjust pointers
[28.158s][info][gc,phases      ] GC(51) Phase 3: Adjust pointers 4.855ms
[28.158s][info][gc,phases,start] GC(51) Phase 4: Compact heap
[28.158s][info][gc,phases      ] GC(51) Phase 4: Compact heap 0.273ms
[28.159s][info][gc,phases,start] GC(51) Phase 5: Reset Metadata
[28.162s][info][gc,phases      ] GC(51) Phase 5: Reset Metadata 3.692ms
[28.164s][info][gc,heap        ] GC(51) Eden regions: 0->0(1)
[28.164s][info][gc,heap        ] GC(51) Survivor regions: 0->0(0)
[28.164s][info][gc,heap        ] GC(51) Old regions: 256->256
[28.164s][info][gc,heap        ] GC(51) Humongous regions: 0->0
[28.164s][info][gc,metaspace   ] GC(51) Metaspace: 1093K(1280K)->1093K(1280K) NonClass: 997K(1088K)->997K(1088K) Class: 95K(192K)->95K(192K)
[28.164s][info][gc             ] GC(51) Pause Full (G1 Compaction Pause) 250M->250M(256M) 20.722ms
[28.164s][info][gc,cpu         ] GC(51) User=0.02s Sys=0.00s Real=0.02s
[28.164s][info][gc,ergo        ] Attempting maximal full compaction clearing soft references
[28.164s][info][gc,start       ] GC(52) Pause Full (G1 Compaction Pause)
[28.164s][info][gc,task        ] GC(52) Using 4 workers of 4 for full compaction
[28.165s][info][gc,phases,start] GC(52) Phase 1: Mark live objects
[28.174s][info][gc,phases      ] GC(52) Phase 1: Mark live objects 9.373ms
[28.174s][info][gc,phases,start] GC(52) Phase 2: Prepare compaction
[28.177s][info][gc,phases      ] GC(52) Phase 2: Prepare compaction 2.974ms
[28.177s][info][gc,phases,start] GC(52) Phase 3: Adjust pointers
[28.180s][info][gc,phases      ] GC(52) Phase 3: Adjust pointers 3.233ms
[28.180s][info][gc,phases,start] GC(52) Phase 4: Compact heap
[28.183s][info][gc,phases      ] GC(52) Phase 4: Compact heap 2.788ms
[28.183s][info][gc,phases,start] GC(52) Phase 5: Reset Metadata
[28.184s][info][gc,phases      ] GC(52) Phase 5: Reset Metadata 0.808ms
[28.185s][info][gc,heap        ] GC(52) Eden regions: 0->0(1)
[28.185s][info][gc,heap        ] GC(52) Survivor regions: 0->0(0)
[28.186s][info][gc,heap        ] GC(52) Old regions: 256->256
[28.186s][info][gc,heap        ] GC(52) Humongous regions: 0->0
[28.186s][info][gc,metaspace   ] GC(52) Metaspace: 1093K(1280K)->1093K(1280K) NonClass: 997K(1088K)->997K(1088K) Class: 95K(192K)->95K(192K)
[28.186s][info][gc             ] GC(52) Pause Full (G1 Compaction Pause) 250M->250M(256M) 22.542ms
[28.186s][info][gc,cpu         ] GC(52) User=0.02s Sys=0.00s Real=0.02s
[28.187s][info][gc,start       ] GC(53) Pause Young (Normal) (G1 Evacuation Pause)
[28.187s][info][gc,task        ] GC(53) Using 4 workers of 4 for evacuation
[28.189s][info][gc,phases      ] GC(53)   Pre Evacuate Collection Set: 0.22ms
[28.189s][info][gc,phases      ] GC(53)   Merge Heap Roots: 0.07ms
[28.189s][info][gc,phases      ] GC(53)   Evacuate Collection Set: 0.97ms
[28.189s][info][gc,phases      ] GC(53)   Post Evacuate Collection Set: 0.42ms
[28.189s][info][gc,phases      ] GC(53)   Other: 0.06ms
[28.189s][info][gc,heap        ] GC(53) Eden regions: 0->0(1)
[28.189s][info][gc,heap        ] GC(53) Survivor regions: 0->0(0)
[28.189s][info][gc,heap        ] GC(53) Old regions: 256->256
[28.189s][info][gc,heap        ] GC(53) Humongous regions: 0->0
[28.189s][info][gc,metaspace   ] GC(53) Metaspace: 1093K(1280K)->1093K(1280K) NonClass: 997K(1088K)->997K(1088K) Class: 95K(192K)->95K(192K)
[28.189s][info][gc             ] GC(53) Pause Young (Normal) (G1 Evacuation Pause) 250M->250M(256M) 2.067ms
[28.189s][info][gc,cpu         ] GC(53) User=0.00s Sys=0.00s Real=0.00s
[28.189s][info][gc,ergo        ] Attempting full compaction
[28.189s][info][gc,start       ] GC(54) Pause Full (G1 Compaction Pause)
[28.189s][info][gc,task        ] GC(54) Using 4 workers of 4 for full compaction
[28.190s][info][gc,phases,start] GC(54) Phase 1: Mark live objects
[28.194s][info][gc,phases      ] GC(54) Phase 1: Mark live objects 3.392ms
[28.194s][info][gc,phases,start] GC(54) Phase 2: Prepare compaction
[28.194s][info][gc,phases      ] GC(54) Phase 2: Prepare compaction 0.081ms
[28.194s][info][gc,phases,start] GC(54) Phase 3: Adjust pointers
[28.196s][info][gc,phases      ] GC(54) Phase 3: Adjust pointers 2.184ms
[28.196s][info][gc,phases,start] GC(54) Phase 4: Compact heap
[28.197s][info][gc,phases      ] GC(54) Phase 4: Compact heap 0.810ms
[28.197s][info][gc,phases,start] GC(54) Phase 5: Reset Metadata
[28.199s][info][gc,phases      ] GC(54) Phase 5: Reset Metadata 1.965ms
[28.203s][info][gc,heap        ] GC(54) Eden regions: 0->0(1)
[28.203s][info][gc,heap        ] GC(54) Survivor regions: 0->0(0)
[28.203s][info][gc,heap        ] GC(54) Old regions: 256->256
[28.203s][info][gc,heap        ] GC(54) Humongous regions: 0->0
[28.203s][info][gc,metaspace   ] GC(54) Metaspace: 1093K(1280K)->1093K(1280K) NonClass: 997K(1088K)->997K(1088K) Class: 95K(192K)->95K(192K)
[28.203s][info][gc             ] GC(54) Pause Full (G1 Compaction Pause) 250M->250M(256M) 13.735ms
[28.203s][info][gc,cpu         ] GC(54) User=0.02s Sys=0.00s Real=0.02s
[28.203s][info][gc,ergo        ] Attempting maximal full compaction clearing soft references
[28.203s][info][gc,start       ] GC(55) Pause Full (G1 Compaction Pause)
[28.203s][info][gc,task        ] GC(55) Using 4 workers of 4 for full compaction
[28.205s][info][gc,phases,start] GC(55) Phase 1: Mark live objects
[28.211s][info][gc,phases      ] GC(55) Phase 1: Mark live objects 6.020ms
[28.211s][info][gc,phases,start] GC(55) Phase 2: Prepare compaction
[28.214s][info][gc,phases      ] GC(55) Phase 2: Prepare compaction 2.816ms
[28.214s][info][gc,phases,start] GC(55) Phase 3: Adjust pointers
[28.217s][info][gc,phases      ] GC(55) Phase 3: Adjust pointers 3.362ms
[28.217s][info][gc,phases,start] GC(55) Phase 4: Compact heap
[28.219s][info][gc,phases      ] GC(55) Phase 4: Compact heap 1.522ms
[28.219s][info][gc,phases,start] GC(55) Phase 5: Reset Metadata
[28.219s][info][gc,phases      ] GC(55) Phase 5: Reset Metadata 0.221ms
[28.221s][info][gc,heap        ] GC(55) Eden regions: 0->0(1)
[28.221s][info][gc,heap        ] GC(55) Survivor regions: 0->0(0)
[28.221s][info][gc,heap        ] GC(55) Old regions: 256->256
[28.221s][info][gc,heap        ] GC(55) Humongous regions: 0->0
[28.221s][info][gc,metaspace   ] GC(55) Metaspace: 1093K(1280K)->1093K(1280K) NonClass: 997K(1088K)->997K(1088K) Class: 95K(192K)->95K(192K)
[28.221s][info][gc             ] GC(55) Pause Full (G1 Compaction Pause) 250M->250M(256M) 18.259ms
[28.221s][info][gc,cpu         ] GC(55) User=0.02s Sys=0.00s Real=0.02s
[28.221s][info][gc,marking     ] GC(50) Concurrent Mark From Roots 78.232ms
[28.221s][info][gc,marking     ] GC(50) Concurrent Mark Abort
[28.221s][info][gc             ] GC(50) Concurrent Mark Cycle 78.379ms
[28.222s][info][gc,start       ] GC(56) Pause Young (Normal) (G1 Evacuation Pause)
[28.222s][info][gc,task        ] GC(56) Using 4 workers of 4 for evacuation
[28.222s][info][gc,phases      ] GC(56)   Pre Evacuate Collection Set: 0.16ms
[28.222s][info][gc,phases      ] GC(56)   Merge Heap Roots: 0.03ms
[28.222s][info][gc,phases      ] GC(56)   Evacuate Collection Set: 0.07ms
[28.222s][info][gc,phases      ] GC(56)   Post Evacuate Collection Set: 0.11ms
[28.222s][info][gc,phases      ] GC(56)   Other: 0.07ms
[28.222s][info][gc,heap        ] GC(56) Eden regions: 0->0(1)
[28.222s][info][gc,heap        ] GC(56) Survivor regions: 0->0(0)
[28.222s][info][gc,heap        ] GC(56) Old regions: 256->256
[28.222s][info][gc,heap        ] GC(56) Humongous regions: 0->0
[28.222s][info][gc,metaspace   ] GC(56) Metaspace: 1093K(1280K)->1093K(1280K) NonClass: 997K(1088K)->997K(1088K) Class: 95K(192K)->95K(192K)
[28.222s][info][gc             ] GC(56) Pause Young (Normal) (G1 Evacuation Pause) 250M->250M(256M) 0.565ms
[28.222s][info][gc,cpu         ] GC(56) User=0.01s Sys=0.00s Real=0.00s
[28.222s][info][gc,ergo        ] Attempting full compaction
[28.222s][info][gc,start       ] GC(57) Pause Full (G1 Compaction Pause)
[28.222s][info][gc,task        ] GC(57) Using 4 workers of 4 for full compaction
[28.222s][info][gc,phases,start] GC(57) Phase 1: Mark live objects
[28.226s][info][gc,phases      ] GC(57) Phase 1: Mark live objects 3.658ms
[28.226s][info][gc,phases,start] GC(57) Phase 2: Prepare compaction
[28.226s][info][gc,phases      ] GC(57) Phase 2: Prepare compaction 0.049ms
[28.226s][info][gc,phases,start] GC(57) Phase 3: Adjust pointers
[28.227s][info][gc,phases      ] GC(57) Phase 3: Adjust pointers 1.361ms
[28.228s][info][gc,phases,start] GC(57) Phase 4: Compact heap
[28.228s][info][gc,phases      ] GC(57) Phase 4: Compact heap 0.058ms
[28.228s][info][gc,phases,start] GC(57) Phase 5: Reset Metadata
[28.228s][info][gc,phases      ] GC(57) Phase 5: Reset Metadata 0.773ms
[28.229s][info][gc,heap        ] GC(57) Eden regions: 0->0(1)
[28.229s][info][gc,heap        ] GC(57) Survivor regions: 0->0(0)
[28.229s][info][gc,heap        ] GC(57) Old regions: 256->256
[28.229s][info][gc,heap        ] GC(57) Humongous regions: 0->0
[28.229s][info][gc,metaspace   ] GC(57) Metaspace: 1093K(1280K)->1093K(1280K) NonClass: 997K(1088K)->997K(1088K) Class: 95K(192K)->95K(192K)
[28.229s][info][gc             ] GC(57) Pause Full (G1 Compaction Pause) 250M->250M(256M) 7.214ms
[28.230s][info][gc,cpu         ] GC(57) User=0.01s Sys=0.01s Real=0.00s
[28.230s][info][gc,ergo        ] Attempting maximal full compaction clearing soft references
[28.230s][info][gc,start       ] GC(58) Pause Full (G1 Compaction Pause)
[28.230s][info][gc,task        ] GC(58) Using 4 workers of 4 for full compaction
[28.230s][info][gc,phases,start] GC(58) Phase 1: Mark live objects
[28.238s][info][gc,phases      ] GC(58) Phase 1: Mark live objects 8.606ms
[28.238s][info][gc,phases,start] GC(58) Phase 2: Prepare compaction
[28.242s][info][gc,phases      ] GC(58) Phase 2: Prepare compaction 3.259ms
[28.242s][info][gc,phases,start] GC(58) Phase 3: Adjust pointers
[28.244s][info][gc,phases      ] GC(58) Phase 3: Adjust pointers 2.045ms
[28.244s][info][gc,phases,start] GC(58) Phase 4: Compact heap
[28.245s][info][gc,phases      ] GC(58) Phase 4: Compact heap 1.468ms
[28.245s][info][gc,phases,start] GC(58) Phase 5: Reset Metadata
[28.246s][info][gc,phases      ] GC(58) Phase 5: Reset Metadata 0.241ms
[28.246s][info][gc,heap        ] GC(58) Eden regions: 0->0(1)
[28.247s][info][gc,heap        ] GC(58) Survivor regions: 0->0(0)
[28.247s][info][gc,heap        ] GC(58) Old regions: 256->256
[28.247s][info][gc,heap        ] GC(58) Humongous regions: 0->0
[28.247s][info][gc,metaspace   ] GC(58) Metaspace: 1093K(1280K)->1093K(1280K) NonClass: 997K(1088K)->997K(1088K) Class: 95K(192K)->95K(192K)
[28.247s][info][gc             ] GC(58) Pause Full (G1 Compaction Pause) 250M->250M(256M) 17.146ms
[28.247s][info][gc,cpu         ] GC(58) User=0.02s Sys=0.00s Real=0.01s
[28.247s][info][gc,start       ] GC(59) Pause Young (Concurrent Start) (G1 Evacuation Pause)
[28.247s][info][gc,task        ] GC(59) Using 4 workers of 4 for evacuation
[28.248s][info][gc,phases      ] GC(59)   Pre Evacuate Collection Set: 0.29ms
[28.248s][info][gc,phases      ] GC(59)   Merge Heap Roots: 0.03ms
[28.248s][info][gc,phases      ] GC(59)   Evacuate Collection Set: 0.56ms
[28.248s][info][gc,phases      ] GC(59)   Post Evacuate Collection Set: 0.17ms
[28.248s][info][gc,phases      ] GC(59)   Other: 0.08ms
[28.248s][info][gc,heap        ] GC(59) Eden regions: 0->0(1)
[28.248s][info][gc,heap        ] GC(59) Survivor regions: 0->0(0)
[28.248s][info][gc,heap        ] GC(59) Old regions: 256->256
[28.248s][info][gc,heap        ] GC(59) Humongous regions: 0->0
[28.248s][info][gc,metaspace   ] GC(59) Metaspace: 1093K(1280K)->1093K(1280K) NonClass: 997K(1088K)->997K(1088K) Class: 95K(192K)->95K(192K)
[28.248s][info][gc             ] GC(59) Pause Young (Concurrent Start) (G1 Evacuation Pause) 250M->250M(256M) 1.333ms
[28.248s][info][gc,cpu         ] GC(59) User=0.00s Sys=0.00s Real=0.00s
[28.248s][info][gc,ergo        ] Attempting full compaction
[28.248s][info][gc,start       ] GC(60) Pause Full (G1 Compaction Pause)
[28.248s][info][gc,task        ] GC(60) Using 4 workers of 4 for full compaction
[28.249s][info][gc             ] GC(61) Concurrent Mark Cycle
[28.249s][info][gc,marking     ] GC(61) Concurrent Scan Root Regions
[28.249s][info][gc,marking     ] GC(61) Concurrent Scan Root Regions 0.012ms
[28.249s][info][gc,phases,start] GC(60) Phase 1: Mark live objects
[28.258s][info][gc,phases      ] GC(60) Phase 1: Mark live objects 8.414ms
[28.258s][info][gc,phases,start] GC(60) Phase 2: Prepare compaction
[28.258s][info][gc,phases      ] GC(60) Phase 2: Prepare compaction 0.083ms
[28.258s][info][gc,phases,start] GC(60) Phase 3: Adjust pointers
[28.260s][info][gc,phases      ] GC(60) Phase 3: Adjust pointers 1.936ms
[28.260s][info][gc,phases,start] GC(60) Phase 4: Compact heap
[28.260s][info][gc,phases      ] GC(60) Phase 4: Compact heap 0.032ms
[28.260s][info][gc,phases,start] GC(60) Phase 5: Reset Metadata
[28.261s][info][gc,phases      ] GC(60) Phase 5: Reset Metadata 1.302ms
[28.262s][info][gc,heap        ] GC(60) Eden regions: 0->0(1)
[28.262s][info][gc,heap        ] GC(60) Survivor regions: 0->0(0)
[28.262s][info][gc,heap        ] GC(60) Old regions: 256->256
[28.262s][info][gc,heap        ] GC(60) Humongous regions: 0->0
[28.262s][info][gc,metaspace   ] GC(60) Metaspace: 1093K(1280K)->1093K(1280K) NonClass: 997K(1088K)->997K(1088K) Class: 95K(192K)->95K(192K)
[28.262s][info][gc             ] GC(60) Pause Full (G1 Compaction Pause) 250M->250M(256M) 13.696ms
[28.262s][info][gc,cpu         ] GC(60) User=0.02s Sys=0.00s Real=0.02s
[28.262s][info][gc,ergo        ] Attempting maximal full compaction clearing soft references
[28.262s][info][gc,start       ] GC(62) Pause Full (G1 Compaction Pause)
[28.262s][info][gc,task        ] GC(62) Using 4 workers of 4 for full compaction
[28.263s][info][gc,phases,start] GC(62) Phase 1: Mark live objects
[28.270s][info][gc,phases      ] GC(62) Phase 1: Mark live objects 7.183ms
[28.270s][info][gc,phases,start] GC(62) Phase 2: Prepare compaction
[28.273s][info][gc,phases      ] GC(62) Phase 2: Prepare compaction 2.453ms
[28.273s][info][gc,phases,start] GC(62) Phase 3: Adjust pointers
[28.276s][info][gc,phases      ] GC(62) Phase 3: Adjust pointers 3.724ms
[28.277s][info][gc,phases,start] GC(62) Phase 4: Compact heap
[28.278s][info][gc,phases      ] GC(62) Phase 4: Compact heap 1.275ms
[28.278s][info][gc,phases,start] GC(62) Phase 5: Reset Metadata
[28.278s][info][gc,phases      ] GC(62) Phase 5: Reset Metadata 0.225ms
[28.279s][info][gc,heap        ] GC(62) Eden regions: 0->0(1)
[28.279s][info][gc,heap        ] GC(62) Survivor regions: 0->0(0)
[28.279s][info][gc,heap        ] GC(62) Old regions: 256->256
[28.279s][info][gc,heap        ] GC(62) Humongous regions: 0->0
[28.279s][info][gc,metaspace   ] GC(62) Metaspace: 1093K(1280K)->1093K(1280K) NonClass: 997K(1088K)->997K(1088K) Class: 95K(192K)->95K(192K)
[28.279s][info][gc             ] GC(62) Pause Full (G1 Compaction Pause) 250M->250M(256M) 16.735ms
[28.279s][info][gc,cpu         ] GC(62) User=0.02s Sys=0.00s Real=0.01s
[28.279s][info][gc,marking     ] GC(61) Concurrent Mark Abort
[28.279s][info][gc             ] GC(61) Concurrent Mark Cycle 30.437ms
[28.280s][info][gc,start       ] GC(63) Pause Young (Normal) (G1 Evacuation Pause)
[28.280s][info][gc,task        ] GC(63) Using 4 workers of 4 for evacuation
